###############################################################################
#
# IAR ELF Linker V8.22.1.15669/W32 for ARM                30/Jan/2020  21:54:26
# Copyright 2007-2018 IAR Systems AB.
#
#    Output file  =  
#        D:\ISC\Cornell\Cornell_FW\Cornell_V1\Build19\Build19\src\Debug\Exe\Cornell.out
#    Map file     =  
#        D:\ISC\Cornell\Cornell_FW\Cornell_V1\Build19\Build19\src\Debug\List\Cornell.map
#    Command line =  
#        -f C:\Users\TAYYAB~1.TAH\AppData\Local\Temp\EW57E4.tmp
#        (D:\ISC\Cornell\Cornell_FW\Cornell_V1\Build19\Build19\src\Debug\Obj\ADC_Channel.o
#        D:\ISC\Cornell\Cornell_FW\Cornell_V1\Build19\Build19\src\Debug\Obj\CC3220SF_LAUNCHXL.o
#        D:\ISC\Cornell\Cornell_FW\Cornell_V1\Build19\Build19\src\Debug\Obj\EventQ.o
#        D:\ISC\Cornell\Cornell_FW\Cornell_V1\Build19\Build19\src\Debug\Obj\ExtCommunication.o
#        D:\ISC\Cornell\Cornell_FW\Cornell_V1\Build19\Build19\src\Debug\Obj\FirmwareUpload.o
#        D:\ISC\Cornell\Cornell_FW\Cornell_V1\Build19\Build19\src\Debug\Obj\GPS.o
#        D:\ISC\Cornell\Cornell_FW\Cornell_V1\Build19\Build19\src\Debug\Obj\http_parser.o
#        D:\ISC\Cornell\Cornell_FW\Cornell_V1\Build19\Build19\src\Debug\Obj\jsmn.o
#        D:\ISC\Cornell\Cornell_FW\Cornell_V1\Build19\Build19\src\Debug\Obj\main.o
#        D:\ISC\Cornell\Cornell_FW\Cornell_V1\Build19\Build19\src\Debug\Obj\ManufacturingTestCodes.o
#        D:\ISC\Cornell\Cornell_FW\Cornell_V1\Build19\Build19\src\Debug\Obj\picohttpparser.o
#        D:\ISC\Cornell\Cornell_FW\Cornell_V1\Build19\Build19\src\Debug\Obj\platform.o
#        D:\ISC\Cornell\Cornell_FW\Cornell_V1\Build19\Build19\src\Debug\Obj\PowerCC32XX_tirtos.o
#        D:\ISC\Cornell\Cornell_FW\Cornell_V1\Build19\Build19\src\Debug\Obj\PowerManagement.o
#        D:\ISC\Cornell\Cornell_FW\Cornell_V1\Build19\Build19\src\Debug\Obj\SlHttpCli.o
#        D:\ISC\Cornell\Cornell_FW\Cornell_V1\Build19\Build19\src\Debug\Obj\SPI_Comm.o
#        D:\ISC\Cornell\Cornell_FW\Cornell_V1\Build19\Build19\src\Debug\Obj\SysTask.o
#        D:\ISC\Cornell\Cornell_FW\Cornell_V1\Build19\Build19\src\Debug\Obj\TimerTask.o
#        D:\ISC\Cornell\Cornell_FW\Cornell_V1\Build19\Build19\src\Debug\Obj\UART.o
#        D:\ISC\Cornell\Cornell_FW\Cornell_V1\Build19\Build19\src\Debug\Obj\WatchDog.o
#        D:\ISC\Cornell\Cornell_FW\Cornell_V1\Build19\Build19\src\Debug\Obj\WifiHTTPClient.o
#        D:\ISC\Cornell\Cornell_FW\Cornell_V1\Build19\Build19\src\Debug\Obj\WifiTask.o
#        --redirect _Printf=_PrintfFullNoMb --redirect _Scanf=_ScanfFullNoMb -o
#        D:\ISC\Cornell\Cornell_FW\Cornell_V1\Build19\Build19\src\Debug\Exe\Cornell.out
#        --map
#        D:\ISC\Cornell\Cornell_FW\Cornell_V1\Build19\Build19\src\Debug\List\Cornell.map
#        --config
#        D:\ISC\Cornell\Cornell_FW\Cornell_V1\Build19\Build19\src/Cornell_CC3220SF_LAUNCHXL_TIRTOS.icf
#        -f
#        D:\ISC\Cornell\Cornell_FW\Cornell_V1\Build19\Build19\src/configPkg/linker.cmd
#        (D:\ISC\Cornell\Cornell_FW\Cornell_V1\Build19\Build19\src\configPkg\package\cfg\Cornell_prm4.orm4
#        D:\ISC\Cornell\Cornell_FW\Cornell_V1\Build19\Build19\src\src\sysbios\sysbios.arm4
#        C:\ti\simplelink_cc32xx_sdk_2_10_00_04\kernel\tirtos\packages\ti\catalog\arm\cortexm4\tiva\ce\lib\Boot.arm4
#        C:\ti\simplelink_cc32xx_sdk_2_10_00_04\kernel\tirtos\packages\iar\targets\arm\rts\lib\release_full\iar.targets.arm.rts.arm4
#        C:\ti\simplelink_cc32xx_sdk_2_10_00_04\kernel\tirtos\packages\iar\targets\arm\rts\lib\release_full\boot.arm4
#        --entry __iar_program_start --keep __vector_table --define_symbol
#        ti_sysbios_family_arm_m3_Hwi_nvic=0xe000e000 --define_symbol
#        xdc_runtime_Startup__EXECFXN__C=1 --define_symbol
#        xdc_runtime_Startup__RESETFXN__C=1 --keep __ASM__ --keep __PLAT__
#        --keep __ISA__ --keep __TARG__ --keep __TRDR__)
#        c:/ti/simplelink_cc32xx_sdk_2_10_00_04/source/ti/display/lib/display.arm4
#        c:/ti/simplelink_cc32xx_sdk_2_10_00_04/source/ti/grlib/lib/iar/m4/grlib.a
#        c:/ti/simplelink_cc32xx_sdk_2_10_00_04/source/third_party/spiffs/lib/iar/m4/spiffs.a
#        c:/ti/simplelink_cc32xx_sdk_2_10_00_04/source/ti/drivers/lib/drivers_cc32xx.arm4
#        c:/ti/simplelink_cc32xx_sdk_2_10_00_04/source/third_party/fatfs/lib/iar/m4/fatfs.a
#        c:/ti/simplelink_cc32xx_sdk_2_10_00_04/kernel/tirtos/packages/ti/dpl/lib/dpl_cc32xx.arm4
#        c:/ti/simplelink_cc32xx_sdk_2_10_00_04/source/ti/devices/cc32xx/driverlib/iar/Release/driverlib.a
#        c:/ti/simplelink_cc32xx_sdk_2_10_00_04/source/ti/drivers/net/wifi/iar/rtos/simplelink.a
#        c:/ti/simplelink_cc32xx_sdk_2_10_00_04/source/ti/net/http/lib/iar/m4/httpclient_debug.a
#        --silent --cpu=Cortex-M4 --redirect _Printf=_PrintfSmall --redirect
#        _Scanf=_ScanfSmall --semihosting --entry __iar_program_start
#        --redirect __iar_sh_stdout=__iar_sh_stdout_swo --vfe --utf8_text_in
#        --text_out utf8)
#
###############################################################################

*******************************************************************************
*** MESSAGES
***


  "D:\ISC\Cornell\Cornell_FW\Cornell_V1\Build19\Build19\src\Debug\Obj\ADC_Channel.o" "D:\ISC\Cornell\Cornell_FW\Cornell_V1\Build19\Build19\src\Debug\Obj\CC3220SF_LAUNCHXL.o" "D:\ISC\Cornell\Cornell_FW\Cornell_V1\Build19\Build19\src\Debug\Obj\EventQ.o" "D:\ISC\Cornell\Cornell_FW\Cornell_V1\Build19\Build19\src\Debug\Obj\ExtCommunication.o" "D:\ISC\Cornell\Cornell_FW\Cornell_V1\Build19\Build19\src\Debug\Obj\FirmwareUpload.o" "D:\ISC\Cornell\Cornell_FW\Cornell_V1\Build19\Build19\src\Debug\Obj\GPS.o" "D:\ISC\Cornell\Cornell_FW\Cornell_V1\Build19\Build19\src\Debug\Obj\http_parser.o" "D:\ISC\Cornell\Cornell_FW\Cornell_V1\Build19\Build19\src\Debug\Obj\jsmn.o" "D:\ISC\Cornell\Cornell_FW\Cornell_V1\Build19\Build19\src\Debug\Obj\main.o" "D:\ISC\Cornell\Cornell_FW\Cornell_V1\Build19\Build19\src\Debug\Obj\ManufacturingTestCodes.o" "D:\ISC\Cornell\Cornell_FW\Cornell_V1\Build19\Build19\src\Debug\Obj\picohttpparser.o" "D:\ISC\Cornell\Cornell_FW\Cornell_V1\Build19\Build19\src\Debug\Obj\platform.o" "D:\ISC\Cornell\Cornell_FW\Cornell_V1\Build19\Build19\src\Debug\Obj\PowerCC32XX_tirtos.o" "D:\ISC\Cornell\Cornell_FW\Cornell_V1\Build19\Build19\src\Debug\Obj\PowerManagement.o" "D:\ISC\Cornell\Cornell_FW\Cornell_V1\Build19\Build19\src\Debug\Obj\SlHttpCli.o" "D:\ISC\Cornell\Cornell_FW\Cornell_V1\Build19\Build19\src\Debug\Obj\SPI_Comm.o" "D:\ISC\Cornell\Cornell_FW\Cornell_V1\Build19\Build19\src\Debug\Obj\SysTask.o" "D:\ISC\Cornell\Cornell_FW\Cornell_V1\Build19\Build19\src\Debug\Obj\TimerTask.o" "D:\ISC\Cornell\Cornell_FW\Cornell_V1\Build19\Build19\src\Debug\Obj\UART.o" "D:\ISC\Cornell\Cornell_FW\Cornell_V1\Build19\Build19\src\Debug\Obj\WatchDog.o" "D:\ISC\Cornell\Cornell_FW\Cornell_V1\Build19\Build19\src\Debug\Obj\WifiHTTPClient.o" "D:\ISC\Cornell\Cornell_FW\Cornell_V1\Build19\Build19\src\Debug\Obj\WifiTask.o" "--redirect" "_Printf=_PrintfFullNoMb" "--redirect" "_Scanf=_ScanfFullNoMb" "-o" "D:\ISC\Cornell\Cornell_FW\Cornell_V1\Build19\Build19\src\Debug\Exe\Cornell.out" "--map" "D:\ISC\Cornell\Cornell_FW\Cornell_V1\Build19\Build19\src\Debug\List\Cornell.map" "--config" "D:\ISC\Cornell\Cornell_FW\Cornell_V1\Build19\Build19\src/Cornell_CC3220SF_LAUNCHXL_TIRTOS.icf" "-f" "D:\ISC\Cornell\Cornell_FW\Cornell_V1\Build19\Build19\src/configPkg/linker.cmd" "c:/ti/simplelink_cc32xx_sdk_2_10_00_04/source/ti/display/lib/display.arm4" "c:/ti/simplelink_cc32xx_sdk_2_10_00_04/source/ti/grlib/lib/iar/m4/grlib.a" "c:/ti/simplelink_cc32xx_sdk_2_10_00_04/source/third_party/spiffs/lib/iar/m4/spiffs.a" "c:/ti/simplelink_cc32xx_sdk_2_10_00_04/source/ti/drivers/lib/drivers_cc32xx.arm4" "c:/ti/simplelink_cc32xx_sdk_2_10_00_04/source/third_party/fatfs/lib/iar/m4/fatfs.a" "c:/ti/simplelink_cc32xx_sdk_2_10_00_04/kernel/tirtos/packages/ti/dpl/lib/dpl_cc32xx.arm4" "c:/ti/simplelink_cc32xx_sdk_2_10_00_04/source/ti/devices/cc32xx/driverlib/iar/Release/driverlib.a" "c:/ti/simplelink_cc32xx_sdk_2_10_00_04/source/ti/drivers/net/wifi/iar/rtos/simplelink.a" "c:/ti/simplelink_cc32xx_sdk_2_10_00_04/source/ti/net/http/lib/iar/m4/httpclient_debug.a" "--silent" "--cpu=Cortex-M4" "--redirect" "_Printf=_PrintfSmall" "--redirect" "_Scanf=_ScanfSmall" "--semihosting" "--entry" "__iar_program_start" "--redirect" "__iar_sh_stdout=__iar_sh_stdout_swo" "--vfe" "--utf8_text_in" "--text_out" "utf8" 
                                                                                                                                                                                                                                                                                                                                                                                                                                                                                                                                                                                                                                                                                                                                                                                                                                                                                                                                                                                                                                                                                                                                                                                                                                                                                                                                                                                                                                                                                                                                                                                                                                                                                                                                                                                                                                                                                                                                                                                                                                                                                                                                                                                                                                                                                                                                                                                                                                                                                                                                                                                                                                                                                                                                                                                                                                                                                                                                                                                                                                                                                                                                                                                           ^
"C:\Users\TAYYAB~1.TAH\AppData\Local\Temp\EW57E4.tmp",1  Warning[Li017]: there
          is already a redirect for "_Printf"

  "D:\ISC\Cornell\Cornell_FW\Cornell_V1\Build19\Build19\src\Debug\Obj\ADC_Channel.o" "D:\ISC\Cornell\Cornell_FW\Cornell_V1\Build19\Build19\src\Debug\Obj\CC3220SF_LAUNCHXL.o" "D:\ISC\Cornell\Cornell_FW\Cornell_V1\Build19\Build19\src\Debug\Obj\EventQ.o" "D:\ISC\Cornell\Cornell_FW\Cornell_V1\Build19\Build19\src\Debug\Obj\ExtCommunication.o" "D:\ISC\Cornell\Cornell_FW\Cornell_V1\Build19\Build19\src\Debug\Obj\FirmwareUpload.o" "D:\ISC\Cornell\Cornell_FW\Cornell_V1\Build19\Build19\src\Debug\Obj\GPS.o" "D:\ISC\Cornell\Cornell_FW\Cornell_V1\Build19\Build19\src\Debug\Obj\http_parser.o" "D:\ISC\Cornell\Cornell_FW\Cornell_V1\Build19\Build19\src\Debug\Obj\jsmn.o" "D:\ISC\Cornell\Cornell_FW\Cornell_V1\Build19\Build19\src\Debug\Obj\main.o" "D:\ISC\Cornell\Cornell_FW\Cornell_V1\Build19\Build19\src\Debug\Obj\ManufacturingTestCodes.o" "D:\ISC\Cornell\Cornell_FW\Cornell_V1\Build19\Build19\src\Debug\Obj\picohttpparser.o" "D:\ISC\Cornell\Cornell_FW\Cornell_V1\Build19\Build19\src\Debug\Obj\platform.o" "D:\ISC\Cornell\Cornell_FW\Cornell_V1\Build19\Build19\src\Debug\Obj\PowerCC32XX_tirtos.o" "D:\ISC\Cornell\Cornell_FW\Cornell_V1\Build19\Build19\src\Debug\Obj\PowerManagement.o" "D:\ISC\Cornell\Cornell_FW\Cornell_V1\Build19\Build19\src\Debug\Obj\SlHttpCli.o" "D:\ISC\Cornell\Cornell_FW\Cornell_V1\Build19\Build19\src\Debug\Obj\SPI_Comm.o" "D:\ISC\Cornell\Cornell_FW\Cornell_V1\Build19\Build19\src\Debug\Obj\SysTask.o" "D:\ISC\Cornell\Cornell_FW\Cornell_V1\Build19\Build19\src\Debug\Obj\TimerTask.o" "D:\ISC\Cornell\Cornell_FW\Cornell_V1\Build19\Build19\src\Debug\Obj\UART.o" "D:\ISC\Cornell\Cornell_FW\Cornell_V1\Build19\Build19\src\Debug\Obj\WatchDog.o" "D:\ISC\Cornell\Cornell_FW\Cornell_V1\Build19\Build19\src\Debug\Obj\WifiHTTPClient.o" "D:\ISC\Cornell\Cornell_FW\Cornell_V1\Build19\Build19\src\Debug\Obj\WifiTask.o" "--redirect" "_Printf=_PrintfFullNoMb" "--redirect" "_Scanf=_ScanfFullNoMb" "-o" "D:\ISC\Cornell\Cornell_FW\Cornell_V1\Build19\Build19\src\Debug\Exe\Cornell.out" "--map" "D:\ISC\Cornell\Cornell_FW\Cornell_V1\Build19\Build19\src\Debug\List\Cornell.map" "--config" "D:\ISC\Cornell\Cornell_FW\Cornell_V1\Build19\Build19\src/Cornell_CC3220SF_LAUNCHXL_TIRTOS.icf" "-f" "D:\ISC\Cornell\Cornell_FW\Cornell_V1\Build19\Build19\src/configPkg/linker.cmd" "c:/ti/simplelink_cc32xx_sdk_2_10_00_04/source/ti/display/lib/display.arm4" "c:/ti/simplelink_cc32xx_sdk_2_10_00_04/source/ti/grlib/lib/iar/m4/grlib.a" "c:/ti/simplelink_cc32xx_sdk_2_10_00_04/source/third_party/spiffs/lib/iar/m4/spiffs.a" "c:/ti/simplelink_cc32xx_sdk_2_10_00_04/source/ti/drivers/lib/drivers_cc32xx.arm4" "c:/ti/simplelink_cc32xx_sdk_2_10_00_04/source/third_party/fatfs/lib/iar/m4/fatfs.a" "c:/ti/simplelink_cc32xx_sdk_2_10_00_04/kernel/tirtos/packages/ti/dpl/lib/dpl_cc32xx.arm4" "c:/ti/simplelink_cc32xx_sdk_2_10_00_04/source/ti/devices/cc32xx/driverlib/iar/Release/driverlib.a" "c:/ti/simplelink_cc32xx_sdk_2_10_00_04/source/ti/drivers/net/wifi/iar/rtos/simplelink.a" "c:/ti/simplelink_cc32xx_sdk_2_10_00_04/source/ti/net/http/lib/iar/m4/httpclient_debug.a" "--silent" "--cpu=Cortex-M4" "--redirect" "_Printf=_PrintfSmall" "--redirect" "_Scanf=_ScanfSmall" "--semihosting" "--entry" "__iar_program_start" "--redirect" "__iar_sh_stdout=__iar_sh_stdout_swo" "--vfe" "--utf8_text_in" "--text_out" "utf8" 
                                                                                                                                                                                                                                                                                                                                                                                                                                                                                                                                                                                                                                                                                                                                                                                                                                                                                                                                                                                                                                                                                                                                                                                                                                                                                                                                                                                                                                                                                                                                                                                                                                                                                                                                                                                                                                                                                                                                                                                                                                                                                                                                                                                                                                                                                                                                                                                                                                                                                                                                                                                                                                                                                                                                                                                                                                                                                                                                                                                                                                                                                                                                                                                                                               ^
"C:\Users\TAYYAB~1.TAH\AppData\Local\Temp\EW57E4.tmp",1  Warning[Li017]: there
          is already a redirect for "_Scanf"


*******************************************************************************
*** RUNTIME MODEL ATTRIBUTES
***

CppFlavor                     = *
__CPP_Exceptions              = Disabled
__CPP_Language                = C++14
__SystemLibrary               = DLib
__dlib_dynamic_initialization = normal
__dlib_version                = 6


*******************************************************************************
*** HEAP SELECTION
***

The basic heap was selected because no calls to memory allocation
functions were found in the application outside of system library
functions, and there are calls to deallocation functions in the
application.


*******************************************************************************
*** RESERVED RANGES
***

Ranges reserved by absolute symbols:
   [0x20000000-0x2000030b]


*******************************************************************************
*** PLACEMENT SUMMARY
***

define block CSTACK with size = 1K, alignment = 8 { section .stack };
"A1":  place at end of [from 0x20000000 to 0x20040000] { block CSTACK };
"A3":  place at start of [from 0x01000800 to 0x010fffff] { ro section .intvec };
"P1":  place in [from 0x01000800 to 0x010fffff] { ro };
define block CmdTbl { section .cmdtbl };
"P2":  place in [from 0x01000800 to 0x010fffff] { block CmdTbl };
"P3":  place in [from 0x20000000 to 0x20040000] { section VTABLE };
define block HEAP with size = 32K, alignment = 8 { };
"P4":  place in [from 0x20000000 to 0x20040000] { rw, block HEAP };
initialize by copy { rw };

No sections matched the following patterns:

  ro section .dbghdr  in "A0"
  section .cmdtbl     in block CmdTbl
  section .stack      in block CSTACK
  section VTABLE      in "P3-P4"


  Section                 Kind        Address     Size  Object
  -------                 ----        -------     ----  ------
"A3":                                             0x3c
  .intvec                 const    0x01000800     0x3c  Cornell_prm4.orm4 [2]
                                 - 0x0100083c     0x3c

"P1-P2":                                       0x1ceb5
  .text                   ro code  0x0100083c   0x2ea0  BIOS.o [16]
  .text                   ro code  0x010036dc    0xa10  Cornell_prm4.orm4 [2]
  .text                   ro code  0x010040ec     0x9c  Memory.orm4 [11]
  .text                   ro code  0x01004188     0xa6  ABImemcpy.o [13]
  .text                   ro code  0x0100422e     0x7a  lz77_init_single.o [13]
  CODE                    ro code  0x010042a8     0x68  m3_Hwi_asm_switch_iar.obj [16]
  .text                   ro code  0x01004310    0x238  Error.orm4 [11]
  .text                   ro code  0x01004548     0x66  ABImemset.o [13]
  .text                   ro code  0x010045ae     0x1a  xsnprout.o [6]
  CODE                    ro code  0x010045c8     0x6c  m3_TaskSupport_asm_iar.obj [16]
  .text                   ro code  0x01004634    0x22e  I64DivMod.o [13]
  .text                   ro code  0x01004862    0x4d0  qsort.o [6]
  .text                   ro code  0x01004d32      0xa  xsprout.o [6]
  .text                   ro code  0x01004d3c    0x148  Startup.orm4 [11]
  .text                   ro code  0x01004e84    0x2a4  Text.orm4 [11]
  .text                   ro code  0x01005128    0x6a4  System.orm4 [11]
  .text                   ro code  0x010057cc     0x64  main.o [1]
  .text                   ro code  0x01005830    0x114  SysMin.orm4 [11]
  .text                   ro code  0x01005944     0x34  Core-label.orm4 [11]
  .text                   ro code  0x01005978     0x44  Core-params.orm4 [11]
  .text                   ro code  0x010059bc    0x158  Core-mem.orm4 [11]
  .text                   ro code  0x01005b14     0xcc  Core-smem.orm4 [11]
  .text                   ro code  0x01005be0      0x6  ABImemclr.o [13]
  .const_ti_sysbios_family_arm_m3_Hwi_Module__id__C
                          const    0x01005be6      0x2  Cornell_prm4.orm4 [2]
  .text                   ro code  0x01005be8     0x18  Gate.orm4 [11]
  .text                   ro code  0x01005c00      0x2  I64DivZer.o [13]
  .const_ti_sysbios_family_arm_m3_Timer_Module__id__C
                          const    0x01005c02      0x2  Cornell_prm4.orm4 [2]
  .text                   ro code  0x01005c04     0x96  ABImemmove.o [13]
  .const_ti_sysbios_hal_Hwi_Module__id__C
                          const    0x01005c9a      0x2  Cornell_prm4.orm4 [2]
  .text                   ro code  0x01005c9c      0x6  ABImemclr4.o [13]
  .const_ti_sysbios_heaps_HeapBuf_Module__id__C
                          const    0x01005ca2      0x2  Cornell_prm4.orm4 [2]
  .text                   ro code  0x01005ca4     0x36  strlen.o [13]
  .const_ti_sysbios_heaps_HeapBuf_trackMaxAllocs__C
                          const    0x01005cda      0x2  Cornell_prm4.orm4 [2]
  .text                   ro code  0x01005cdc     0x38  Registry.orm4 [11]
  .text                   ro code  0x01005d14     0x1e  CC3220SF_LAUNCHXL.o [1]
  .const_ti_sysbios_heaps_HeapMem_Module__id__C
                          const    0x01005d32      0x2  Cornell_prm4.orm4 [2]
  .text                   ro code  0x01005d34    0x930  prcm.obj [9]
  .text                   ro code  0x01006664    0x520  GPIOCC32XX.orm4 [10]
  .text                   ro code  0x01006b84     0xc4  SPI.orm4 [10]
  .text                   ro code  0x01006c48    0x112  UART.o [1]
  .const_ti_sysbios_heaps_HeapMultiBuf_Module__id__C
                          const    0x01006d5a      0x2  Cornell_prm4.orm4 [2]
  .text                   ro code  0x01006d5c    0x198  EventQ.o [1]
  .text                   ro code  0x01006ef4    0x180  platform.o [1]
  .text                   ro code  0x01007074    0x3b4  SysTask.o [1]
  .text                   ro code  0x01007428     0xec  WatchDog.o [1]
  .text                   ro code  0x01007514    0x9cc  PowerCC32XX.orm4 [10]
  .text                   ro code  0x01007ee0     0x4c  Assert.orm4 [11]
  .text                   ro code  0x01007f2c     0x3a  ABImemset48.o [13]
  .const_ti_sysbios_knl_Task_Module__id__C
                          const    0x01007f66      0x2  Cornell_prm4.orm4 [2]
  .text                   ro code  0x01007f68     0x14  udma.obj [9]
  .text                   ro code  0x01007f7c      0x6  utils.obj [9]
  .const_xdc_runtime_Core_Module__id__C
                          const    0x01007f82      0x2  Cornell_prm4.orm4 [2]
  .text                   ro code  0x01007f84     0x48  flash.obj [9]
  .text                   ro code  0x01007fcc     0x2c  cpu.obj [9]
  .text                   ro code  0x01007ff8     0x4c  pin.obj [9]
  .text                   ro code  0x01008044     0x80  HwiP_tirtos.orm4 [8]
  .text                   ro code  0x010080c4     0x9a  SemaphoreP_tirtos.orm4 [8]
  .const_xdc_runtime_Error_Module__loggerDefined__C
                          const    0x0100815e      0x2  Cornell_prm4.orm4 [2]
  .text                   ro code  0x01008160   0x1e20  WifiTask.o [1]
  .text                   ro code  0x01009f80    0xbec  GPS.o [1]
  .text                   ro code  0x0100ab6c   0x24f0  SPI_Comm.o [1]
  .text                   ro code  0x0100d05c    0x11c  ADC_Channel.o [1]
  .text                   ro code  0x0100d178    0x12c  TimerTask.o [1]
  .text                   ro code  0x0100d2a4     0xb8  PowerManagement.o [1]
  .text                   ro code  0x0100d35c    0x864  WifiHTTPClient.o [1]
  .text                   ro code  0x0100dbc0     0x58  List.orm4 [10]
  CODE                    ro code  0x0100dc18     0x96  PowerCC32XX_asm.orm4 [10]
  .const_xdc_runtime_Error_maxDepth__C
                          const    0x0100dcae      0x2  Cornell_prm4.orm4 [2]
  .text                   ro code  0x0100dcb0    0x540  FirmwareUpload.o [1]
  .text                   ro code  0x0100e1f0    0x414  ExtCommunication.o [1]
  .text                   ro code  0x0100e604    0x5ec  device.obj [15]
  .text                   ro code  0x0100ebf0    0x110  netcfg.obj [15]
  .text                   ro code  0x0100ed00     0x44  snprintf.o [6]
  .text                   ro code  0x0100ed44    0x810  wlan.obj [15]
  .text                   ro code  0x0100f554    0x66e  netapp.obj [15]
  .const_xdc_runtime_Memory_Module__id__C
                          const    0x0100fbc2      0x2  Cornell_prm4.orm4 [2]
  .text                   ro code  0x0100fbc4    0xeb4  sl_socket.obj [15]
  .text                   ro code  0x01010a78     0x24  S32ToFlt.o [12]
  .text                   ro code  0x01010a9c     0xfc  FltDiv.o [12]
  .text                   ro code  0x01010b98     0xd8  FltMul.o [12]
  .text                   ro code  0x01010c70     0x2a  FltToS32.o [12]
  .const_xdc_runtime_SysMin_flushAtExit__C
                          const    0x01010c9a      0x2  Cornell_prm4.orm4 [2]
  .text                   ro code  0x01010c9c    0x430  fs.obj [15]
  .text                   ro code  0x010110cc     0x48  FltToDbl.o [12]
  .text                   ro code  0x01011114    0x4ba  jsmn.o [1]
  .text                   ro code  0x010115ce     0x28  strncmp.o [6]
  .text                   ro code  0x010115f6     0x86  iar_Stolx.o [6]
  .text                   ro code  0x0101167c    0x310  strto32.o [12]
  .text                   ro code  0x0101198c     0x68  memcmp.o [13]
  .text                   ro code  0x010119f4     0x24  FltCmpGe.o [12]
  .text                   ro code  0x01011a18     0x30  strstr.o [6]
  .rodata                 const    0x01011a48     0x7c  ExtCommunication.o [1]
  .text                   ro code  0x01011ac8    0x468  strto64.o [12]
  .text                   ro code  0x01011f30     0x68  DblToFlt.o [12]
  .text                   ro code  0x01011f98    0x178  iar_Stoulx.o [6]
  .text                   ro code  0x01012110     0x24  FltCmpLe.o [12]
  .text                   ro code  0x01012134     0x80  FltSub.o [12]
  .text                   ro code  0x010121b4    0x1a2  DblMul.o [12]
  .const_xdc_runtime_Text_charCnt__C
                          const    0x01012356      0x2  Cornell_prm4.orm4 [2]
  .text                   ro code  0x01012358     0xe2  FltAdd.o [12]
  .const_xdc_runtime_Text_isLoaded__C
                          const    0x0101243a      0x2  Cornell_prm4.orm4 [2]
  .text                   ro code  0x0101243c     0x70  strncpy.o [13]
  .text                   ro code  0x010124ac     0xac  ADC.orm4 [10]
  .text                   ro code  0x01012558    0x642  SlHttpCli.o [1]
  .const_xdc_runtime_Text_registryModsLastId__C
                          const    0x01012b9a      0x2  Cornell_prm4.orm4 [2]
  .text                   ro code  0x01012b9c    0x562  picohttpparser.o [1]
  .const_xdc_runtime_Text_unnamedModsLastId__C
                          const    0x010130fe      0x2  Cornell_prm4.orm4 [2]
  .text                   ro code  0x01013100     0x40  sprintf.o [6]
  .text                   ro code  0x01013140     0x22  S32ToDbl.o [12]
  .const_ti_sysbios_knl_Clock_tickMode__C
                          const    0x01013162      0x1  Cornell_prm4.orm4 [2]
  .const_ti_sysbios_knl_Clock_tickSource__C
                          const    0x01013163      0x1  Cornell_prm4.orm4 [2]
  .text                   ro code  0x01013164     0x1a  U32ToDbl.o [12]
  .const_xdc_runtime_Error_policy__C
                          const    0x0101317e      0x1  Cornell_prm4.orm4 [2]
  .rodata                 const    0x0101317f      0x1  CC3220SF_LAUNCHXL.o [1]
  .text                   ro code  0x01013180    0xb48  pow64.o [12]
  .text                   ro code  0x01013cc8    0x246  DblDiv.o [12]
  .text                   ro code  0x01013f0e      0xa  gmtime.o [6]
  .text                   ro code  0x01013f18    0x1d4  spawn.obj [15]
  .text                   ro code  0x010140ec   0x2378  driver.obj [15]
  .text                   ro code  0x01016464    0x350  cc_pal.obj [15]
  .text                   ro code  0x010167b4    0x1f8  eventreg.obj [15]
  .text                   ro code  0x010169ac     0x1c  flowcont.obj [15]
  .text                   ro code  0x010169c8    0xe22  xprintffull_nomb.o [6]
  .text                   ro code  0x010177ea     0x14  isspace.o [6]
  .rodata                 const    0x010177fe      0x1  CC3220SF_LAUNCHXL.o [1]
  .rodata                 const    0x010177ff      0x1  CC3220SF_LAUNCHXL.o [1]
  .text                   ro code  0x01017800     0x40  frexpf.o [12]
  .text                   ro code  0x01017840     0x8a  ldexpf.o [12]
  .text                   ro code  0x010178ca    0x122  iar_Stopfx.o [6]
  .text                   ro code  0x010179ec    0x1c8  iar_Stoflt.o [6]
  .text                   ro code  0x01017bb4    0x21c  iar_Stoxflt.o [6]
  .text                   ro code  0x01017dd0     0x16  strchr.o [13]
  .rodata                 const    0x01017de6      0x1  unwind_debug.o [14]
  .text                   ro code  0x01017de8     0x70  frexp.o [12]
  .text                   ro code  0x01017e58    0x13a  ldexp.o [12]
  .text                   ro code  0x01017f94    0x178  DblAdd.o [12]
  .text                   ro code  0x0101810c     0x14  tolower.o [6]
  .text                   ro code  0x01018120     0x58  memchr.o [13]
  .text                   ro code  0x01018178     0x3c  vsnprint.o [6]
  .text                   ro code  0x010181b4     0x20  DblCmpEq.o [12]
  .text                   ro code  0x010181d4     0x2e  DblCmpLe.o [12]
  .text                   ro code  0x01018204     0x3a  DblToS32.o [12]
  .text                   ro code  0x01018240     0xe2  DblSub.o [12]
  .text                   ro code  0x01018324     0x2e  DblCmpGe.o [12]
  .text                   ro code  0x01018354    0x39c  iar_Exp64.o [12]
  .text                   ro code  0x010186f0    0x108  xttotm.o [6]
  .text                   ro code  0x010187f8     0x2e  MutexP_tirtos.orm4 [8]
  .text                   ro code  0x01018828     0x7c  ClockP_tirtos.orm4 [8]
  .text                   ro code  0x010188a4     0x40  xfail_s.o [6]
  .text                   ro code  0x010188e4     0x28  DblToU32.o [12]
  .text                   ro code  0x0101890c     0x4c  xlocale_c.o [6]
  .text                   ro code  0x01018958     0x14  isalpha.o [6]
  .text                   ro code  0x0101896c      0x6  xisdst_nop.o [6]
  .text                   ro code  0x01018974     0x6c  xDaysTo.o [6]
  .text                   ro code  0x010189e0      0x6  abort.o [6]
  .text                   ro code  0x010189e8     0x14  exit.o [14]
  .const_xdc_runtime_Text_charTab__A
                          const    0x010189fc   0x1968  Cornell_prm4.orm4 [2]
  .text                   ro code  0x0101a364    0x88c  UARTCC32XXDMA.orm4 [10]
  .text                   ro code  0x0101abf0     0xfa  UDMACC32XX.orm4 [10]
  .text                   ro code  0x0101acec    0x800  SPICC32XXDMA.orm4 [10]
  .text                   ro code  0x0101b4ec    0x294  PowerCC32XX_tirtos.o [1]
  .text                   ro code  0x0101b780    0x188  ADCCC32XX.orm4 [10]
  CODE                    ro code  0x0101b908    0x110  m3_Hwi_asm_iar.obj [16]
  .rodata                 const    0x0101ba18    0x104  picohttpparser.o [1]
  .rodata                 const    0x0101bb1c    0x100  pin.obj [9]
  .const_xdc_runtime_Text_nodeTab__A
                          const    0x0101bc1c     0xc8  Cornell_prm4.orm4 [2]
  .rodata                 const    0x0101bce4     0xa8  prcm.obj [9]
  .text                   ro code  0x0101bd8c     0x80  netutil.obj [15]
  .rodata                 const    0x0101be0c     0x78  CC3220SF_LAUNCHXL.o [1]
  .rodata                 const    0x0101be84     0x60  driver.obj [15]
  .rodata                 const    0x0101bee4     0x58  driver.obj [15]
  .rodata                 const    0x0101bf3c     0x4c  ExtCommunication.o [1]
  .rodata                 const    0x0101bf88     0x48  CC3220SF_LAUNCHXL.o [1]
  .rodata                 const    0x0101bfd0     0x48  WifiHTTPClient.o [1]
  .rodata                 const    0x0101c018     0x48  WifiHTTPClient.o [1]
  .rodata                 const    0x0101c060     0x48  WifiTask.o [1]
  .rodata                 const    0x0101c0a8     0x48  Cornell_prm4.orm4 [2]
  .rodata                 const    0x0101c0f0     0x44  ExtCommunication.o [1]
  .rodata                 const    0x0101c134     0x40  CC3220SF_LAUNCHXL.o [1]
  .text                   ro code  0x0101c174     0x40  zero_init3.o [13]
  .const_ti_sysbios_knl_Task_Object__PARAMS__C
                          const    0x0101c1b4     0x3c  Cornell_prm4.orm4 [2]
  .rodata                 const    0x0101c1f0     0x3c  ExtCommunication.o [1]
  .rodata                 const    0x0101c22c     0x38  WifiHTTPClient.o [1]
  .const_ti_sysbios_knl_Mailbox_Object__PARAMS__C
                          const    0x0101c264     0x34  Cornell_prm4.orm4 [2]
  .rodata                 const    0x0101c298     0x34  GPS.o [1]
  .const_ti_sysbios_family_arm_m3_Hwi_Object__PARAMS__C
                          const    0x0101c2cc     0x30  Cornell_prm4.orm4 [2]
  .rodata                 const    0x0101c2fc     0x30  WifiHTTPClient.o [1]
  .rodata                 const    0x0101c32c     0x30  WifiTask.o [1]
  .const_ti_sysbios_heaps_HeapBuf_Object__PARAMS__C
                          const    0x0101c35c     0x2c  Cornell_prm4.orm4 [2]
  .const_xdc_runtime_Startup_sfxnTab__A
                          const    0x0101c388     0x2c  Cornell_prm4.orm4 [2]
  .const_ti_sysbios_heaps_HeapBuf_Module__FXNS__C
                          const    0x0101c3b4     0x28  Cornell_prm4.orm4 [2]
  .const_ti_sysbios_heaps_HeapMem_Module__FXNS__C
                          const    0x0101c3dc     0x28  Cornell_prm4.orm4 [2]
  .const_ti_sysbios_heaps_HeapMultiBuf_Module__FXNS__C
                          const    0x0101c404     0x28  Cornell_prm4.orm4 [2]
  .const_ti_sysbios_knl_Swi_Object__PARAMS__C
                          const    0x0101c42c     0x28  Cornell_prm4.orm4 [2]
  .rodata                 const    0x0101c454     0x28  ExtCommunication.o [1]
  .rodata                 const    0x0101c47c     0x28  ExtCommunication.o [1]
  .rodata                 const    0x0101c4a4     0x28  ExtCommunication.o [1]
  .rodata                 const    0x0101c4cc     0x28  WifiTask.o [1]
  .rodata                 const    0x0101c4f4     0x28  UARTCC32XXDMA.orm4 [10]
  .text                   ro code  0x0101c51c     0x28  data_init.o [13]
  .const_ti_sysbios_gates_GateHwi_Module__FXNS__C
                          const    0x0101c544     0x24  Cornell_prm4.orm4 [2]
  .const_ti_sysbios_gates_GateMutex_Module__FXNS__C
                          const    0x0101c568     0x24  Cornell_prm4.orm4 [2]
  .const_ti_sysbios_heaps_HeapMem_Object__PARAMS__C
                          const    0x0101c58c     0x24  Cornell_prm4.orm4 [2]
  .const_ti_sysbios_heaps_HeapMultiBuf_Object__PARAMS__C
                          const    0x0101c5b0     0x24  Cornell_prm4.orm4 [2]
  .const_ti_sysbios_knl_Clock_Object__PARAMS__C
                          const    0x0101c5d4     0x24  Cornell_prm4.orm4 [2]
  .const_ti_sysbios_knl_Semaphore_Object__PARAMS__C
                          const    0x0101c5f8     0x24  Cornell_prm4.orm4 [2]
  .rodata                 const    0x0101c61c     0x24  UART.o [1]
  .iar.init_table         const    0x0101c640     0x24  - Linker created -
  .const_ti_sysbios_family_arm_m3_Hwi_Object__DESC__C
                          const    0x0101c664     0x20  Cornell_prm4.orm4 [2]
  .const_ti_sysbios_gates_GateHwi_Object__DESC__C
                          const    0x0101c684     0x20  Cornell_prm4.orm4 [2]
  .const_ti_sysbios_gates_GateMutex_Object__DESC__C
                          const    0x0101c6a4     0x20  Cornell_prm4.orm4 [2]
  .const_ti_sysbios_heaps_HeapBuf_Object__DESC__C
                          const    0x0101c6c4     0x20  Cornell_prm4.orm4 [2]
  .const_ti_sysbios_heaps_HeapMem_Object__DESC__C
                          const    0x0101c6e4     0x20  Cornell_prm4.orm4 [2]
  .const_ti_sysbios_heaps_HeapMultiBuf_Object__DESC__C
                          const    0x0101c704     0x20  Cornell_prm4.orm4 [2]
  .const_ti_sysbios_knl_Clock_Object__DESC__C
                          const    0x0101c724     0x20  Cornell_prm4.orm4 [2]
  .const_ti_sysbios_knl_Mailbox_Object__DESC__C
                          const    0x0101c744     0x20  Cornell_prm4.orm4 [2]
  .const_ti_sysbios_knl_Queue_Object__DESC__C
                          const    0x0101c764     0x20  Cornell_prm4.orm4 [2]
  .const_ti_sysbios_knl_Semaphore_Object__DESC__C
                          const    0x0101c784     0x20  Cornell_prm4.orm4 [2]
  .const_ti_sysbios_knl_Swi_Object__DESC__C
                          const    0x0101c7a4     0x20  Cornell_prm4.orm4 [2]
  .const_ti_sysbios_knl_Task_Object__DESC__C
                          const    0x0101c7c4     0x20  Cornell_prm4.orm4 [2]
  .rodata                 const    0x0101c7e4     0x20  ExtCommunication.o [1]
  .rodata                 const    0x0101c804     0x20  ExtCommunication.o [1]
  .rodata                 const    0x0101c824     0x20  WifiHTTPClient.o [1]
  .rodata                 const    0x0101c844     0x20  WifiTask.o [1]
  .rodata                 const    0x0101c864     0x20  device.obj [15]
  .rodata                 const    0x0101c884     0x20  driver.obj [15]
  .text                   ro code  0x0101c8a4     0x20  iar_xdc_init.orm4 [4]
  .text                   ro code  0x0101c8c4     0x20  cmain_call_ctors.o [13]
  .text                   ro code  0x0101c8e4     0x18  cppinit.o [6]
  .rodata                 const    0x0101c8fc     0x1c  ExtCommunication.o [1]
  .rodata                 const    0x0101c918     0x1c  WifiTask.o [1]
  .rodata                 const    0x0101c934     0x1c  WifiTask.o [1]
  .text                   ro code  0x0101c950     0x1a  cmain.orm4 [4]
  .text                   ro code  0x0101c96a      0x4  low_level_init.o [6]
  .const_ti_sysbios_gates_GateHwi_Object__PARAMS__C
                          const    0x0101c970     0x18  Cornell_prm4.orm4 [2]
  .const_ti_sysbios_gates_GateMutex_Object__PARAMS__C
                          const    0x0101c988     0x18  Cornell_prm4.orm4 [2]
  .const_ti_sysbios_knl_Queue_Object__PARAMS__C
                          const    0x0101c9a0     0x18  Cornell_prm4.orm4 [2]
  .const_xdc_runtime_Startup_sfxnRts__A
                          const    0x0101c9b8     0x18  Cornell_prm4.orm4 [2]
  .rodata                 const    0x0101c9d0     0x18  CC3220SF_LAUNCHXL.o [1]
  .rodata                 const    0x0101c9e8     0x18  CC3220SF_LAUNCHXL.o [1]
  .rodata                 const    0x0101ca00     0x18  CC3220SF_LAUNCHXL.o [1]
  .rodata                 const    0x0101ca18     0x18  FirmwareUpload.o [1]
  .rodata                 const    0x0101ca30     0x18  FirmwareUpload.o [1]
  .rodata                 const    0x0101ca48     0x18  GPS.o [1]
  .rodata                 const    0x0101ca60     0x18  GPS.o [1]
  .rodata                 const    0x0101ca78     0x18  WifiHTTPClient.o [1]
  .rodata                 const    0x0101ca90     0x18  WifiHTTPClient.o [1]
  .rodata                 const    0x0101caa8     0x18  WifiTask.o [1]
  .rodata                 const    0x0101cac0     0x18  WifiTask.o [1]
  .rodata                 const    0x0101cad8     0x18  WifiTask.o [1]
  .rodata                 const    0x0101caf0     0x18  ADCCC32XX.orm4 [10]
  .rodata                 const    0x0101cb08     0x18  SPICC32XXDMA.orm4 [10]
  .text                   ro code  0x0101cb20     0x18  xdc_init.orm4 [11]
  .text                   ro code  0x0101cb38     0x16  cstartup_M.orm4 [4]
  CODE                    ro code  0x0101cb50     0x16  boot.orm4 [4]
  .const_xdc_runtime_Startup_firstFxns__A
                          const    0x0101cb68     0x14  Cornell_prm4.orm4 [2]
  .rodata                 const    0x0101cb7c     0x14  CC3220SF_LAUNCHXL.o [1]
  .rodata                 const    0x0101cb90     0x14  FirmwareUpload.o [1]
  .rodata                 const    0x0101cba4     0x14  FirmwareUpload.o [1]
  .rodata                 const    0x0101cbb8     0x14  WifiHTTPClient.o [1]
  .rodata                 const    0x0101cbcc     0x14  fs.obj [15]
  .rodata                 const    0x0101cbe0     0x10  ExtCommunication.o [1]
  .rodata                 const    0x0101cbf0     0x10  ExtCommunication.o [1]
  .rodata                 const    0x0101cc00     0x10  FirmwareUpload.o [1]
  .rodata                 const    0x0101cc10     0x10  WifiHTTPClient.o [1]
  .rodata                 const    0x0101cc20     0x10  WifiHTTPClient.o [1]
  .rodata                 const    0x0101cc30     0x10  WifiHTTPClient.o [1]
  .rodata                 const    0x0101cc40     0x10  WifiHTTPClient.o [1]
  .rodata                 const    0x0101cc50     0x10  WifiTask.o [1]
  .rodata                 const    0x0101cc60     0x10  WifiTask.o [1]
  .rodata                 const    0x0101cc70     0x10  WifiTask.o [1]
  .rodata                 const    0x0101cc80      0xc  CC3220SF_LAUNCHXL.o [1]
  .rodata                 const    0x0101cc8c      0xc  ExtCommunication.o [1]
  .rodata                 const    0x0101cc98      0xc  GPS.o [1]
  .rodata                 const    0x0101cca4      0xc  GPS.o [1]
  .rodata                 const    0x0101ccb0      0xc  SlHttpCli.o [1]
  .rodata                 const    0x0101ccbc      0xc  SlHttpCli.o [1]
  .rodata                 const    0x0101ccc8      0xc  SlHttpCli.o [1]
  .rodata                 const    0x0101ccd4      0xc  WifiHTTPClient.o [1]
  .rodata                 const    0x0101cce0      0xc  WifiHTTPClient.o [1]
  .rodata                 const    0x0101ccec      0xc  WifiHTTPClient.o [1]
  .rodata                 const    0x0101ccf8      0xc  WifiHTTPClient.o [1]
  .rodata                 const    0x0101cd04      0xc  WifiHTTPClient.o [1]
  .rodata                 const    0x0101cd10      0xc  WifiTask.o [1]
  .rodata                 const    0x0101cd1c      0xc  WifiTask.o [1]
  .rodata                 const    0x0101cd28      0xc  WifiTask.o [1]
  .const_ti_sysbios_family_arm_m3_Hwi_excHookFuncs__A
                          const    0x0101cd34      0x8  Cornell_prm4.orm4 [2]
  .const_ti_sysbios_knl_Idle_funcList__A
                          const    0x0101cd3c      0x8  Cornell_prm4.orm4 [2]
  .const_ti_sysbios_knl_Idle_funcList__C
                          const    0x0101cd44      0x8  Cornell_prm4.orm4 [2]
  .const_xdc_runtime_Startup_firstFxns__C
                          const    0x0101cd4c      0x8  Cornell_prm4.orm4 [2]
  .const_xdc_runtime_Startup_lastFxns__C
                          const    0x0101cd54      0x8  Cornell_prm4.orm4 [2]
  .rodata                 const    0x0101cd5c      0x8  CC3220SF_LAUNCHXL.o [1]
  .rodata                 const    0x0101cd64      0x8  CC3220SF_LAUNCHXL.o [1]
  .rodata                 const    0x0101cd6c      0x8  ExtCommunication.o [1]
  .rodata                 const    0x0101cd74      0x8  ExtCommunication.o [1]
  .rodata                 const    0x0101cd7c      0x8  FirmwareUpload.o [1]
  .rodata                 const    0x0101cd84      0x8  GPS.o [1]
  .rodata                 const    0x0101cd8c      0x8  GPS.o [1]
  .rodata                 const    0x0101cd94      0x8  GPS.o [1]
  .rodata                 const    0x0101cd9c      0x8  platform.o [1]
  .rodata                 const    0x0101cda4      0x8  platform.o [1]
  .rodata                 const    0x0101cdac      0x8  platform.o [1]
  .rodata                 const    0x0101cdb4      0x8  SlHttpCli.o [1]
  .rodata                 const    0x0101cdbc      0x8  WatchDog.o [1]
  .rodata                 const    0x0101cdc4      0x8  WifiHTTPClient.o [1]
  .rodata                 const    0x0101cdcc      0x8  WifiHTTPClient.o [1]
  .rodata                 const    0x0101cdd4      0x8  WifiHTTPClient.o [1]
  .rodata                 const    0x0101cddc      0x8  WifiTask.o [1]
  .rodata                 const    0x0101cde4      0x8  WifiTask.o [1]
  .rodata                 const    0x0101cdec      0x8  driver.obj [15]
  .rodata                 const    0x0101cdf4      0x8  driver.obj [15]
  .rodata                 const    0x0101cdfc      0x6  xlocale_c.o [6]
  .const_ti_sysbios_family_arm_m3_Hwi_E_NMI__C
                          const    0x0101ce04      0x4  Cornell_prm4.orm4 [2]
  .const_ti_sysbios_family_arm_m3_Hwi_E_alreadyDefined__C
                          const    0x0101ce08      0x4  Cornell_prm4.orm4 [2]
  .const_ti_sysbios_family_arm_m3_Hwi_E_busFault__C
                          const    0x0101ce0c      0x4  Cornell_prm4.orm4 [2]
  .const_ti_sysbios_family_arm_m3_Hwi_E_debugMon__C
                          const    0x0101ce10      0x4  Cornell_prm4.orm4 [2]
  .const_ti_sysbios_family_arm_m3_Hwi_E_hardFault__C
                          const    0x0101ce14      0x4  Cornell_prm4.orm4 [2]
  .const_ti_sysbios_family_arm_m3_Hwi_E_memFault__C
                          const    0x0101ce18      0x4  Cornell_prm4.orm4 [2]
  .const_ti_sysbios_family_arm_m3_Hwi_E_noIsr__C
                          const    0x0101ce1c      0x4  Cornell_prm4.orm4 [2]
  .const_ti_sysbios_family_arm_m3_Hwi_E_reserved__C
                          const    0x0101ce20      0x4  Cornell_prm4.orm4 [2]
  .const_ti_sysbios_family_arm_m3_Hwi_E_svCall__C
                          const    0x0101ce24      0x4  Cornell_prm4.orm4 [2]
  .const_ti_sysbios_family_arm_m3_Hwi_E_usageFault__C
                          const    0x0101ce28      0x4  Cornell_prm4.orm4 [2]
  .const_ti_sysbios_family_arm_m3_Hwi_NUM_INTERRUPTS__C
                          const    0x0101ce2c      0x4  Cornell_prm4.orm4 [2]
  .const_ti_sysbios_family_arm_m3_Hwi_Object__count__C
                          const    0x0101ce30      0x4  Cornell_prm4.orm4 [2]
  .const_ti_sysbios_family_arm_m3_Hwi_ccr__C
                          const    0x0101ce34      0x4  Cornell_prm4.orm4 [2]
  .const_ti_sysbios_family_arm_m3_Hwi_excHandlerFunc__C
                          const    0x0101ce38      0x4  Cornell_prm4.orm4 [2]
  .const_ti_sysbios_family_arm_m3_Hwi_excHookFuncs__C
                          const    0x0101ce3c      0x4  Cornell_prm4.orm4 [2]
  .const_ti_sysbios_family_arm_m3_Hwi_nullIsrFunc__C
                          const    0x0101ce40      0x4  Cornell_prm4.orm4 [2]
  .const_ti_sysbios_family_arm_m3_Hwi_priGroup__C
                          const    0x0101ce44      0x4  Cornell_prm4.orm4 [2]
  .const_ti_sysbios_family_arm_m3_Hwi_swiDisable__C
                          const    0x0101ce48      0x4  Cornell_prm4.orm4 [2]
  .const_ti_sysbios_family_arm_m3_Hwi_swiRestoreHwi__C
                          const    0x0101ce4c      0x4  Cornell_prm4.orm4 [2]
  .const_ti_sysbios_family_arm_m3_TaskSupport_stackAlignment__C
                          const    0x0101ce50      0x4  Cornell_prm4.orm4 [2]
  .const_ti_sysbios_family_arm_m3_Timer_E_cannotSupport__C
                          const    0x0101ce54      0x4  Cornell_prm4.orm4 [2]
  .const_ti_sysbios_family_arm_m3_Timer_startupNeeded__C
                          const    0x0101ce58      0x4  Cornell_prm4.orm4 [2]
  .const_ti_sysbios_gates_GateMutex_Instance_State_sem__O
                          const    0x0101ce5c      0x4  Cornell_prm4.orm4 [2]
  .const_ti_sysbios_hal_Hwi_E_stackOverflow__C
                          const    0x0101ce60      0x4  Cornell_prm4.orm4 [2]
  .const_ti_sysbios_heaps_HeapBuf_E_size__C
                          const    0x0101ce64      0x4  Cornell_prm4.orm4 [2]
  .const_ti_sysbios_heaps_HeapBuf_Instance_State_freeList__O
                          const    0x0101ce68      0x4  Cornell_prm4.orm4 [2]
  .const_ti_sysbios_heaps_HeapBuf_Object__count__C
                          const    0x0101ce6c      0x4  Cornell_prm4.orm4 [2]
  .const_ti_sysbios_heaps_HeapBuf_numConstructedHeaps__C
                          const    0x0101ce70      0x4  Cornell_prm4.orm4 [2]
  .const_ti_sysbios_heaps_HeapMem_E_memory__C
                          const    0x0101ce74      0x4  Cornell_prm4.orm4 [2]
  .const_ti_sysbios_heaps_HeapMem_Module__gateObj__C
                          const    0x0101ce78      0x4  Cornell_prm4.orm4 [2]
  .const_ti_sysbios_heaps_HeapMem_Object__count__C
                          const    0x0101ce7c      0x4  Cornell_prm4.orm4 [2]
  .const_ti_sysbios_heaps_HeapMem_primaryHeapBaseAddr__C
                          const    0x0101ce80      0x4  Cornell_prm4.orm4 [2]
  .const_ti_sysbios_heaps_HeapMem_primaryHeapEndAddr__C
                          const    0x0101ce84      0x4  Cornell_prm4.orm4 [2]
  .const_ti_sysbios_heaps_HeapMem_reqAlign__C
                          const    0x0101ce88      0x4  Cornell_prm4.orm4 [2]
  .const_ti_sysbios_heaps_HeapMultiBuf_E_size__C
                          const    0x0101ce8c      0x4  Cornell_prm4.orm4 [2]
  .const_ti_sysbios_heaps_HeapMultiBuf_Object__count__C
                          const    0x0101ce90      0x4  Cornell_prm4.orm4 [2]
  .const_ti_sysbios_knl_Clock_Module_State_clockQ__O
                          const    0x0101ce94      0x4  Cornell_prm4.orm4 [2]
  .const_ti_sysbios_knl_Clock_tickPeriod__C
                          const    0x0101ce98      0x4  Cornell_prm4.orm4 [2]
  .const_ti_sysbios_knl_Mailbox_Instance_State_dataQue__O
                          const    0x0101ce9c      0x4  Cornell_prm4.orm4 [2]
  .const_ti_sysbios_knl_Mailbox_Instance_State_dataSem__O
                          const    0x0101cea0      0x4  Cornell_prm4.orm4 [2]
  .const_ti_sysbios_knl_Mailbox_Instance_State_freeQue__O
                          const    0x0101cea4      0x4  Cornell_prm4.orm4 [2]
  .const_ti_sysbios_knl_Mailbox_Instance_State_freeSem__O
                          const    0x0101cea8      0x4  Cornell_prm4.orm4 [2]
  .const_ti_sysbios_knl_Mailbox_Object__count__C
                          const    0x0101ceac      0x4  Cornell_prm4.orm4 [2]
  .const_ti_sysbios_knl_Mailbox_maxTypeAlign__C
                          const    0x0101ceb0      0x4  Cornell_prm4.orm4 [2]
  .const_ti_sysbios_knl_Semaphore_Instance_State_pendQ__O
                          const    0x0101ceb4      0x4  Cornell_prm4.orm4 [2]
  .const_ti_sysbios_knl_Swi_Object__count__C
                          const    0x0101ceb8      0x4  Cornell_prm4.orm4 [2]
  .const_ti_sysbios_knl_Task_E_spOutOfBounds__C
                          const    0x0101cebc      0x4  Cornell_prm4.orm4 [2]
  .const_ti_sysbios_knl_Task_E_stackOverflow__C
                          const    0x0101cec0      0x4  Cornell_prm4.orm4 [2]
  .const_ti_sysbios_knl_Task_Module_State_inactiveQ__O
                          const    0x0101cec4      0x4  Cornell_prm4.orm4 [2]
  .const_ti_sysbios_knl_Task_Object__count__C
                          const    0x0101cec8      0x4  Cornell_prm4.orm4 [2]
  .const_ti_sysbios_knl_Task_allBlockedFunc__C
                          const    0x0101cecc      0x4  Cornell_prm4.orm4 [2]
  .const_ti_sysbios_knl_Task_defaultStackHeap__C
                          const    0x0101ced0      0x4  Cornell_prm4.orm4 [2]
  .const_ti_sysbios_knl_Task_defaultStackSize__C
                          const    0x0101ced4      0x4  Cornell_prm4.orm4 [2]
  .const_ti_sysbios_knl_Task_numConstructedTasks__C
                          const    0x0101ced8      0x4  Cornell_prm4.orm4 [2]
  .const_xdc_runtime_Assert_E_assertFailed__C
                          const    0x0101cedc      0x4  Cornell_prm4.orm4 [2]
  .const_xdc_runtime_Core_A_initializedParams__C
                          const    0x0101cee0      0x4  Cornell_prm4.orm4 [2]
  .const_xdc_runtime_Core_Module__diagsEnabled__C
                          const    0x0101cee4      0x4  Cornell_prm4.orm4 [2]
  .const_xdc_runtime_Core_Module__diagsIncluded__C
                          const    0x0101cee8      0x4  Cornell_prm4.orm4 [2]
  .const_xdc_runtime_Core_Module__diagsMask__C
                          const    0x0101ceec      0x4  Cornell_prm4.orm4 [2]
  .const_xdc_runtime_Error_E_memory__C
                          const    0x0101cef0      0x4  Cornell_prm4.orm4 [2]
  .const_xdc_runtime_Error_Module__diagsEnabled__C
                          const    0x0101cef4      0x4  Cornell_prm4.orm4 [2]
  .const_xdc_runtime_Error_Module__diagsIncluded__C
                          const    0x0101cef8      0x4  Cornell_prm4.orm4 [2]
  .const_xdc_runtime_Error_Module__diagsMask__C
                          const    0x0101cefc      0x4  Cornell_prm4.orm4 [2]
  .const_xdc_runtime_Error_Module__loggerFxn8__C
                          const    0x0101cf00      0x4  Cornell_prm4.orm4 [2]
  .const_xdc_runtime_Error_Module__loggerObj__C
                          const    0x0101cf04      0x4  Cornell_prm4.orm4 [2]
  .const_xdc_runtime_Error_policyFxn__C
                          const    0x0101cf08      0x4  Cornell_prm4.orm4 [2]
  .const_xdc_runtime_Error_raiseHook__C
                          const    0x0101cf0c      0x4  Cornell_prm4.orm4 [2]
  .const_xdc_runtime_IGateProvider_Interface__BASE__C
                          const    0x0101cf10      0x4  Cornell_prm4.orm4 [2]
  .const_xdc_runtime_IHeap_Interface__BASE__C
                          const    0x0101cf14      0x4  Cornell_prm4.orm4 [2]
  .const_xdc_runtime_IModule_Interface__BASE__C
                          const    0x0101cf18      0x4  Cornell_prm4.orm4 [2]
  .const_xdc_runtime_Log_L_error__C
                          const    0x0101cf1c      0x4  Cornell_prm4.orm4 [2]
  .const_xdc_runtime_Memory_defaultHeapInstance__C
                          const    0x0101cf20      0x4  Cornell_prm4.orm4 [2]
  .const_xdc_runtime_Startup_execImpl__C
                          const    0x0101cf24      0x4  Cornell_prm4.orm4 [2]
  .const_xdc_runtime_Startup_maxPasses__C
                          const    0x0101cf28      0x4  Cornell_prm4.orm4 [2]
  .const_xdc_runtime_Startup_sfxnRts__C
                          const    0x0101cf2c      0x4  Cornell_prm4.orm4 [2]
  .const_xdc_runtime_Startup_sfxnTab__C
                          const    0x0101cf30      0x4  Cornell_prm4.orm4 [2]
  .const_xdc_runtime_SysMin_bufSize__C
                          const    0x0101cf34      0x4  Cornell_prm4.orm4 [2]
  .const_xdc_runtime_SysMin_outputFunc__C
                          const    0x0101cf38      0x4  Cornell_prm4.orm4 [2]
  .const_xdc_runtime_System_Module__gateObj__C
                          const    0x0101cf3c      0x4  Cornell_prm4.orm4 [2]
  .const_xdc_runtime_System_abortFxn__C
                          const    0x0101cf40      0x4  Cornell_prm4.orm4 [2]
  .const_xdc_runtime_System_exitFxn__C
                          const    0x0101cf44      0x4  Cornell_prm4.orm4 [2]
  .const_xdc_runtime_System_extendFxn__C
                          const    0x0101cf48      0x4  Cornell_prm4.orm4 [2]
  .const_xdc_runtime_System_maxAtexitHandlers__C
                          const    0x0101cf4c      0x4  Cornell_prm4.orm4 [2]
  .const_xdc_runtime_Text_charTab__C
                          const    0x0101cf50      0x4  Cornell_prm4.orm4 [2]
  .const_xdc_runtime_Text_nameEmpty__C
                          const    0x0101cf54      0x4  Cornell_prm4.orm4 [2]
  .const_xdc_runtime_Text_nameStatic__C
                          const    0x0101cf58      0x4  Cornell_prm4.orm4 [2]
  .const_xdc_runtime_Text_nameUnknown__C
                          const    0x0101cf5c      0x4  Cornell_prm4.orm4 [2]
  .const_xdc_runtime_Text_nodeTab__C
                          const    0x0101cf60      0x4  Cornell_prm4.orm4 [2]
  .const_xdc_runtime_Text_visitRopeFxn__C
                          const    0x0101cf64      0x4  Cornell_prm4.orm4 [2]
  .rodata                 const    0x0101cf68      0x4  WifiHTTPClient.o [1]
  .rodata                 const    0x0101cf6c      0x4  fs.obj [15]
  .rodata                 const    0x0101cf70      0x4  fs.obj [15]
  .rodata                 const    0x0101cf74      0x4  fs.obj [15]
  .rodata                 const    0x0101cf78      0x4  fs.obj [15]
  .rodata                 const    0x0101cf7c      0x4  fs.obj [15]
  .rodata                 const    0x0101cf80      0x4  device.obj [15]
  .rodata                 const    0x0101cf84      0x4  device.obj [15]
  .rodata                 const    0x0101cf88      0x4  device.obj [15]
  .rodata                 const    0x0101cf8c      0x4  sl_socket.obj [15]
  .rodata                 const    0x0101cf90      0x4  sl_socket.obj [15]
  .rodata                 const    0x0101cf94      0x4  sl_socket.obj [15]
  .rodata                 const    0x0101cf98      0x4  sl_socket.obj [15]
  .rodata                 const    0x0101cf9c      0x4  sl_socket.obj [15]
  .rodata                 const    0x0101cfa0      0x4  sl_socket.obj [15]
  .rodata                 const    0x0101cfa4      0x4  sl_socket.obj [15]
  .rodata                 const    0x0101cfa8      0x4  sl_socket.obj [15]
  .rodata                 const    0x0101cfac      0x4  sl_socket.obj [15]
  .rodata                 const    0x0101cfb0      0x4  sl_socket.obj [15]
  .rodata                 const    0x0101cfb4      0x4  netapp.obj [15]
  .rodata                 const    0x0101cfb8      0x4  netapp.obj [15]
  .rodata                 const    0x0101cfbc      0x4  netapp.obj [15]
  .rodata                 const    0x0101cfc0      0x4  netcfg.obj [15]
  .rodata                 const    0x0101cfc4      0x4  netcfg.obj [15]
  .rodata                 const    0x0101cfc8      0x4  wlan.obj [15]
  .rodata                 const    0x0101cfcc      0x4  wlan.obj [15]
  .rodata                 const    0x0101cfd0      0x4  wlan.obj [15]
  .rodata                 const    0x0101cfd4      0x4  wlan.obj [15]
  .rodata                 const    0x0101cfd8      0x4  wlan.obj [15]
  .rodata                 const    0x0101cfdc      0x4  wlan.obj [15]
  .rodata                 const    0x0101cfe0      0x4  wlan.obj [15]
  .rodata                 const    0x0101cfe4      0x4  wlan.obj [15]
  .rodata                 const    0x0101cfe8      0x4  wlan.obj [15]
  SHT$$PREINIT_ARRAY               0x0101cfec      0x0  <Block>
  SHT$$INIT_ARRAY                  0x0101cfec      0x4  <Block>
    .init_array           const    0x0101cfec      0x4  xdc_init.orm4 [11]
  __iar_tls$$INIT_ARRAY            0x0101cff0      0x0  <Block>
  .rodata                 const    0x0101cff0      0x0  zero_init3.o [13]
  .rodata                 const    0x0101cff0      0x0  lz77_init_single.o [13]
  Initializer bytes       const    0x0101cff0    0x701  <for P3-P4-1>
                                 - 0x0101d6f1  0x1ceb5

"P3-P4", part 1 of 2:                            0xeea
  P3-P4-1                          0x2000030c    0xeea  <Init block>
    .data                 inited   0x2000030c     0x20  CC3220SF_LAUNCHXL.o [1]
    .data                 inited   0x2000032c     0x10  CC3220SF_LAUNCHXL.o [1]
    .data                 inited   0x2000033c     0xf8  CC3220SF_LAUNCHXL.o [1]
    .data                 inited   0x20000434     0x20  ExtCommunication.o [1]
    .data                 inited   0x20000454    0x400  FirmwareUpload.o [1]
    .data                 inited   0x20000854     0x24  GPS.o [1]
    .data                 inited   0x20000878     0x44  GPS.o [1]
    .data                 inited   0x200008bc      0x4  picohttpparser.o [1]
    .data                 inited   0x200008c0      0x8  SPI_Comm.o [1]
    .data                 inited   0x200008c8    0x19c  SPI_Comm.o [1]
    .data                 inited   0x20000a64     0x9c  SPI_Comm.o [1]
    .data                 inited   0x20000b00     0x18  WifiHTTPClient.o [1]
    .data                 inited   0x20000b18     0x20  Cornell_prm4.orm4 [2]
    .data                 inited   0x20000b38      0x8  Cornell_prm4.orm4 [2]
    .data                 inited   0x20000b40     0x18  Cornell_prm4.orm4 [2]
    .data                 inited   0x20000b58     0x30  Cornell_prm4.orm4 [2]
    .data                 inited   0x20000b88      0x8  Cornell_prm4.orm4 [2]
    .data                 inited   0x20000b90      0x4  Cornell_prm4.orm4 [2]
    .data                 inited   0x20000b94      0x8  Cornell_prm4.orm4 [2]
    .data                 inited   0x20000b9c     0x38  Cornell_prm4.orm4 [2]
    .data                 inited   0x20000bd4      0x8  Cornell_prm4.orm4 [2]
    .data                 inited   0x20000bdc      0x8  Cornell_prm4.orm4 [2]
    .data                 inited   0x20000be4     0x18  Cornell_prm4.orm4 [2]
    .data                 inited   0x20000bfc      0x8  Cornell_prm4.orm4 [2]
    .data                 inited   0x20000c04      0x8  Cornell_prm4.orm4 [2]
    .data                 inited   0x20000c0c      0x8  Cornell_prm4.orm4 [2]
    .data                 inited   0x20000c14      0x8  Cornell_prm4.orm4 [2]
    .data                 inited   0x20000c1c      0x8  Cornell_prm4.orm4 [2]
    .data                 inited   0x20000c24      0x8  Cornell_prm4.orm4 [2]
    .data                 inited   0x20000c2c     0x30  Cornell_prm4.orm4 [2]
    .data                 inited   0x20000c5c     0x80  Cornell_prm4.orm4 [2]
    .data                 inited   0x20000cdc      0x8  Cornell_prm4.orm4 [2]
    .data                 inited   0x20000ce4     0x4c  Cornell_prm4.orm4 [2]
    .data                 inited   0x20000d30     0x80  Cornell_prm4.orm4 [2]
    .data                 inited   0x20000db0      0x4  Cornell_prm4.orm4 [2]
    .data                 inited   0x20000db4      0x8  ADCCC32XX.orm4 [10]
    .data                 inited   0x20000dbc    0x298  PowerCC32XX.orm4 [10]
    .data                 inited   0x20001054     0x38  xlocale_c.o [6]
    .data                 inited   0x2000108c     0x48  xlocale_c.o [6]
    .data_ti_sysbios_BIOS_Module__state__V
                          inited   0x200010d4     0x24  Cornell_prm4.orm4 [2]
    .data_ti_sysbios_family_arm_m3_Hwi_Module__state__V
                          inited   0x200010f8     0x34  Cornell_prm4.orm4 [2]
    .data_ti_sysbios_family_arm_m3_Timer_Module__state__V
                          inited   0x2000112c      0xc  Cornell_prm4.orm4 [2]
    .data_ti_sysbios_heaps_HeapBuf_Module__state__V
                          inited   0x20001138      0x4  Cornell_prm4.orm4 [2]
    .data_ti_sysbios_knl_Clock_Module__state__V
                          inited   0x2000113c     0x2c  Cornell_prm4.orm4 [2]
    .data_ti_sysbios_knl_Swi_Module__state__V
                          inited   0x20001168     0x1c  Cornell_prm4.orm4 [2]
    .data_ti_sysbios_knl_Task_Module__state__V
                          inited   0x20001184     0x44  Cornell_prm4.orm4 [2]
    .data_xdc_runtime_Memory_Module__state__V
                          inited   0x200011c8      0x4  Cornell_prm4.orm4 [2]
    .data_xdc_runtime_Registry_Module__state__V
                          inited   0x200011cc      0x8  Cornell_prm4.orm4 [2]
    .data_xdc_runtime_Startup_Module__state__V
                          inited   0x200011d4      0x8  Cornell_prm4.orm4 [2]
    .data_xdc_runtime_SysMin_Module__state__V
                          inited   0x200011dc      0xc  Cornell_prm4.orm4 [2]
    .data_xdc_runtime_System_Module__state__V
                          inited   0x200011e8      0x8  Cornell_prm4.orm4 [2]
    .data_xdc_runtime_Error_Module__state__V
                          inited   0x200011f0      0x2  Cornell_prm4.orm4 [2]
    .data                 inited   0x200011f2      0x1  PowerCC32XX_tirtos.o [1]
    .data                 inited   0x200011f3      0x1  SPI_Comm.o [1]
    .data                 inited   0x200011f4      0x1  SysTask.o [1]
    .data                 inited   0x200011f5      0x1  SysTask.o [1]
                                 - 0x200011f6    0xeea

"P3-P4", part 2 of 2:                           0x9eb4
  .bss                    zero     0x200011f8   0x4380  EventQ.o [1]
  .bss                    zero     0x20005578   0x1000  WifiTask.o [1]
  .bss                    zero     0x20006578    0x800  platform.o [1]
  .bss                    zero     0x20006d78    0x800  SysTask.o [1]
  .bss                    zero     0x20007578    0x7d8  driver.obj [15]
  .bss                    zero     0x20007d50    0x404  GPS.o [1]
  .bss                    zero     0x20008154    0x404  GPS.o [1]
  .bss                    zero     0x20008800    0x400  CC3220SF_LAUNCHXL.o [1]
  .bss                    zero     0x20008c00    0x3e8  WifiHTTPClient.o [1]
  .bss                    zero     0x20008fe8    0x3e8  WifiHTTPClient.o [1]
  .bss                    zero     0x200093d0    0x3e8  WifiHTTPClient.o [1]
  .bss                    zero     0x200097b8    0x30c  Cornell_prm4.orm4 [2]
  .bss                    zero     0x20009ac4    0x200  SlHttpCli.o [1]
  .bss                    zero     0x20009cc4     0x6c  SysTask.o [1]
  .bss                    zero     0x20009d30    0x200  TimerTask.o [1]
  .bss                    zero     0x20009f30    0x200  Cornell_prm4.orm4 [2]
  .bss                    zero     0x2000a130    0x200  Cornell_prm4.orm4 [2]
  .bss                    zero     0x2000a330    0x1e0  WifiTask.o [1]
  .bss                    zero     0x2000a510    0x14c  FirmwareUpload.o [1]
  .bss                    zero     0x2000a65c     0xd8  CC3220SF_LAUNCHXL.o [1]
  .bss                    zero     0x2000a734     0x6c  WifiTask.o [1]
  .bss                    zero     0x2000a7a0     0xa0  EventQ.o [1]
  .bss                    zero     0x2000a840     0x94  spawn.obj [15]
  .bss                    zero     0x2000a8d4     0x90  WifiTask.o [1]
  .bss                    zero     0x2000a964     0x88  CC3220SF_LAUNCHXL.o [1]
  .bss                    zero     0x2000a9ec     0x84  SlHttpCli.o [1]
  .bss                    zero     0x2000aa70     0x78  EventQ.o [1]
  .bss                    zero     0x2000aae8     0x78  WifiTask.o [1]
  .bss                    zero     0x2000ab60     0x60  SPI_Comm.o [1]
  .bss                    zero     0x2000abc0     0x60  SPI_Comm.o [1]
  .bss                    zero     0x2000ac20     0x50  platform.o [1]
  .bss                    zero     0x2000ac70     0x50  SysTask.o [1]
  .bss                    zero     0x2000acc0     0x50  TimerTask.o [1]
  .bss                    zero     0x2000ad10     0x50  WifiTask.o [1]
  .bss                    zero     0x2000ad60     0x3c  WifiHTTPClient.o [1]
  .bss                    zero     0x2000ad9c     0x3c  GPIOCC32XX.orm4 [10]
  .bss                    zero     0x2000add8     0x34  SPI_Comm.o [1]
  .bss                    zero     0x2000ae0c     0x30  GPS.o [1]
  .bss                    zero     0x2000ae3c     0x2c  xttotm.o [6]
  .bss                    zero     0x2000ae68     0x28  SPI_Comm.o [1]
  .bss                    zero     0x2000ae90     0x28  TimerTask.o [1]
  .bss                    zero     0x2000aeb8     0x24  eventreg.obj [15]
  .bss                    zero     0x2000aedc     0x24  eventreg.obj [15]
  .bss                    zero     0x2000af00     0x20  EventQ.o [1]
  .bss                    zero     0x2000af20     0x20  SPI_Comm.o [1]
  .bss                    zero     0x2000af40     0x1c  SPI_Comm.o [1]
  .bss                    zero     0x2000af5c     0x1c  UDMACC32XX.orm4 [10]
  .bss                    zero     0x2000af78     0x14  SPI_Comm.o [1]
  .bss                    zero     0x2000af8c     0x10  GPS.o [1]
  .bss                    zero     0x2000af9c     0x10  WatchDog.o [1]
  .bss                    zero     0x2000afac      0xc  device.obj [15]
  .bss                    zero     0x2000afb8      0xc  sl_socket.obj [15]
  .bss                    zero     0x2000afc4      0x8  ADC_Channel.o [1]
  .bss                    zero     0x2000afcc      0x8  CC3220SF_LAUNCHXL.o [1]
  .bss                    zero     0x2000afe0      0x8  CC3220SF_LAUNCHXL.o [1]
  .bss                    zero     0x2000afe8      0x8  EventQ.o [1]
  .bss                    zero     0x2000aff0      0x8  EventQ.o [1]
  .bss                    zero     0x2000aff8      0x8  EventQ.o [1]
  .bss                    zero     0x2000b000      0x8  main.o [1]
  .bss                    zero     0x2000b008      0x8  PowerCC32XX_tirtos.o [1]
  .bss                    zero     0x2000b010      0x8  Cornell_prm4.orm4 [2]
  .bss                    zero     0x2000b018      0x4  EventQ.o [1]
  .bss                    zero     0x2000b01c      0x4  GPS.o [1]
  .bss                    zero     0x2000b020      0x4  main.o [1]
  .bss                    zero     0x2000b024      0x4  main.o [1]
  .bss                    zero     0x2000b028      0x4  PowerCC32XX_tirtos.o [1]
  .bss                    zero     0x2000b02c      0x4  PowerCC32XX_tirtos.o [1]
  .bss                    zero     0x2000b030      0x4  PowerCC32XX_tirtos.o [1]
  .bss                    zero     0x2000b034      0x4  PowerCC32XX_tirtos.o [1]
  .bss                    zero     0x2000b038      0x4  PowerCC32XX_tirtos.o [1]
  .bss                    zero     0x2000b03c      0x4  SlHttpCli.o [1]
  .bss                    zero     0x2000b040      0x4  SlHttpCli.o [1]
  .bss                    zero     0x2000b044      0x4  SPI_Comm.o [1]
  .bss                    zero     0x2000b048      0x4  SPI_Comm.o [1]
  .bss                    zero     0x2000b04c      0x4  SPI_Comm.o [1]
  .bss                    zero     0x2000b050      0x4  SPI_Comm.o [1]
  .bss                    zero     0x2000b054      0x4  SPI_Comm.o [1]
  .bss                    zero     0x2000b058      0x4  SPI_Comm.o [1]
  .bss                    zero     0x2000b05c      0x4  SysTask.o [1]
  .bss                    zero     0x2000b060      0x4  WifiTask.o [1]
  .bss                    zero     0x2000b064      0x4  WifiTask.o [1]
  .bss                    zero     0x2000b068      0x4  Cornell_prm4.orm4 [2]
  .bss                    zero     0x2000b06c      0x4  Cornell_prm4.orm4 [2]
  .bss                    zero     0x2000b070      0x4  GPIOCC32XX.orm4 [10]
  .bss                    zero     0x2000b074      0x4  xdc_init.orm4 [11]
  .bss                    zero     0x2000b078      0x4  ClockP_tirtos.orm4 [8]
  .bss                    zero     0x2000b07c      0x4  driver.obj [15]
  .bss                    zero     0x2000b080      0x4  driver.obj [15]
  .bss                    zero     0x2000b084      0x4  driver.obj [15]
  .bss                    zero     0x2000b088      0x4  cc_pal.obj [15]
  .bss                    zero     0x2000b08c      0x4  xfail_s.o [6]
  .bss                    zero     0x2000b090      0x2  CC3220SF_LAUNCHXL.o [1]
  .bss                    zero     0x2000b092      0x2  SlHttpCli.o [1]
  .bss                    zero     0x2000b094      0x2  Cornell_prm4.orm4 [2]
  .bss                    zero     0x2000b096      0x2  driver.obj [15]
  .bss                    zero     0x2000b098      0x1  EventQ.o [1]
  .bss                    zero     0x2000b099      0x1  GPS.o [1]
  .bss                    zero     0x2000b09a      0x1  GPS.o [1]
  .bss                    zero     0x2000b09b      0x1  GPS.o [1]
  .bss                    zero     0x2000b09c      0x1  platform.o [1]
  .bss                    zero     0x2000b09d      0x1  SPI_Comm.o [1]
  .bss                    zero     0x2000b09e      0x1  SPI_Comm.o [1]
  .bss                    zero     0x2000b09f      0x1  SPI_Comm.o [1]
  .bss                    zero     0x2000b0a0      0x1  TimerTask.o [1]
  .bss                    zero     0x2000b0a1      0x1  UART.o [1]
  .bss                    zero     0x2000b0a2      0x1  WatchDog.o [1]
  .bss                    zero     0x2000b0a3      0x1  WifiHTTPClient.o [1]
  .bss                    zero     0x2000b0a4      0x1  WifiHTTPClient.o [1]
  .bss                    zero     0x2000b0a5      0x1  ADC.orm4 [10]
  .bss                    zero     0x2000b0a6      0x1  GPIOCC32XX.orm4 [10]
  .bss                    zero     0x2000b0a7      0x1  SPI.orm4 [10]
  .bss                    zero     0x2000b0a8      0x1  driver.obj [15]
  .bss                    zero     0x2000b0a9      0x1  driver.obj [15]
  .bss                    zero     0x2000b0aa      0x1  driver.obj [15]
                                 - 0x2000b0ab   0x9eb3

"A1":                                            0x400
  CSTACK                           0x2003fc00    0x400  <Block>
    CSTACK                uninit   0x2003fc00    0x400  <Block tail>
                                 - 0x20040000    0x400


*******************************************************************************
*** INIT TABLE
***

          Address     Size
          -------     ----
Zero (__iar_zero_init3)
    1 destination range, total size 0x9eb3:
          0x200011f8  0x9eb3

Copy/lz77 (__iar_lz77_init_single3)
    1 source range, total size 0x701 (46% of destination):
          0x0101cff0   0x701
    1 destination range, total size 0xeea:
          0x2000030c   0xeea

Extra (__iar_cstart_call_ctors)



*******************************************************************************
*** MODULE SUMMARY
***

    Module                      ro code  ro data  rw data
    ------                      -------  -------  -------
D:\ISC\Cornell\Cornell_FW\Cornell_V1\Build19\Build19\src\Debug\Obj: [1]
    ADC_Channel.o                   284                 8
    CC3220SF_LAUNCHXL.o              30      518    1 690
    EventQ.o                        408            17 621
    ExtCommunication.o            1 044      615       32
    FirmwareUpload.o              1 344      592    1 356
    GPS.o                         3 052      197    2 231
    PowerCC32XX_tirtos.o            660                29
    PowerManagement.o               184
    SPI_Comm.o                    9 456      272      968
    SlHttpCli.o                   1 602       44      654
    SysTask.o                       948        1    2 242
    TimerTask.o                     300               633
    UART.o                          274       36        1
    WatchDog.o                      236        8       17
    WifiHTTPClient.o              2 148      511    3 086
    WifiTask.o                    7 712      420    5 036
    jsmn.o                        1 210
    main.o                          100                16
    picohttpparser.o              1 378      262        4
    platform.o                      384       24    2 129
    -----------------------------------------------------
    Total:                       32 754    3 500   37 753

D:\ISC\Cornell\Cornell_FW\Cornell_V1\Build19\Build19\src\configPkg\package\cfg: [2]
    Cornell_prm4.orm4             2 576    8 842    2 776
    -----------------------------------------------------
    Total:                        2 576    8 842    2 776

command line: [3]
    -----------------------------------------------------
    Total:

boot.arm4: [4]
    boot.orm4                        22
    cmain.orm4                       26
    cstartup_M.orm4                  22
    iar_xdc_init.orm4                32
    -----------------------------------------------------
    Total:                          102

display.arm4: [5]
    -----------------------------------------------------
    Total:

dl7M_tlf.a: [6]
    abort.o                           6
    cppinit.o                        24
    gmtime.o                         10
    iar_Stoflt.o                    456
    iar_Stolx.o                     134
    iar_Stopfx.o                    290
    iar_Stoulx.o                    376
    iar_Stoxflt.o                   540
    isalpha.o                        20
    isspace.o                        20
    low_level_init.o                  4
    qsort.o                       1 232
    snprintf.o                       68
    sprintf.o                        64
    strncmp.o                        40
    strstr.o                         48
    tolower.o                        20
    vsnprint.o                       60
    xDaysTo.o                       108
    xfail_s.o                        64                 4
    xisdst_nop.o                      6
    xlocale_c.o                      76       66      128
    xprintffull_nomb.o            3 618
    xsnprout.o                       26
    xsprout.o                        10
    xttotm.o                        264                44
    -----------------------------------------------------
    Total:                        7 584       66      176

dlpp7M_tl_fc.a: [7]
    -----------------------------------------------------
    Total:

dpl_cc32xx.arm4: [8]
    ClockP_tirtos.orm4              124                 4
    HwiP_tirtos.orm4                128
    MutexP_tirtos.orm4               46
    SemaphoreP_tirtos.orm4          154
    -----------------------------------------------------
    Total:                          452                 4

driverlib.a: [9]
    cpu.obj                          44
    flash.obj                        72
    pin.obj                          76      256
    prcm.obj                      2 352      168
    udma.obj                         20
    utils.obj                         6
    -----------------------------------------------------
    Total:                        2 570      424

[...]
ti_sysbios_knl_Task_Object__DESC__C
                        0x0101c7c4    0x20  Data  Gb  Cornell_prm4.orm4 [2]
ti_sysbios_knl_Task_Object__PARAMS__C
                        0x0101c1b4    0x3c  Data  Gb  Cornell_prm4.orm4 [2]
ti_sysbios_knl_Task_Object__count__C
                        0x0101cec8     0x4  Data  Gb  Cornell_prm4.orm4 [2]
ti_sysbios_knl_Task_Object__get__S
                        0x01004043    0x10  Code  Gb  Cornell_prm4.orm4 [2]
ti_sysbios_knl_Task_Object__table__V
                        0x20000ce4    0x4c  Data  Gb  Cornell_prm4.orm4 [2]
ti_sysbios_knl_Task_Params__init__S
                        0x0100403b     0x8  Code  Gb  Cornell_prm4.orm4 [2]
ti_sysbios_knl_Task_Params_init
                        0x01006ef5    0x16  Code  Lc  platform.o [1]
ti_sysbios_knl_Task_Params_init
                        0x0100708d    0x16  Code  Lc  SysTask.o [1]
ti_sysbios_knl_Task_Params_init
                        0x0100d179    0x16  Code  Lc  TimerTask.o [1]
ti_sysbios_knl_Task_Params_init
                        0x01008161    0x16  Code  Lc  WifiTask.o [1]
ti_sysbios_knl_Task_SupportProxy_Module__startupDone__S
                        0x01003907     0x4  Code  Gb  Cornell_prm4.orm4 [2]
ti_sysbios_knl_Task_SupportProxy_checkStack__E
                        0x01003913     0x4  Code  Gb  Cornell_prm4.orm4 [2]
ti_sysbios_knl_Task_SupportProxy_getStackAlignment__E
                        0x01003917     0x4  Code  Gb  Cornell_prm4.orm4 [2]
ti_sysbios_knl_Task_SupportProxy_start__E
                        0x0100390b     0x4  Code  Gb  Cornell_prm4.orm4 [2]
ti_sysbios_knl_Task_SupportProxy_swap__E
                        0x0100390f     0x4  Code  Gb  Cornell_prm4.orm4 [2]
ti_sysbios_knl_Task_allBlockedFunc__C
                        0x0101cecc     0x4  Data  Gb  Cornell_prm4.orm4 [2]
ti_sysbios_knl_Task_allBlockedFunction__I
                        0x01001883    0x68  Code  Gb  BIOS.o [16]
ti_sysbios_knl_Task_blockI__E
                        0x0100181d    0x38  Code  Gb  BIOS.o [16]
ti_sysbios_knl_Task_checkStacks__E
                        0x0100144b    0xbe  Code  Gb  BIOS.o [16]
ti_sysbios_knl_Task_construct
                        0x01004059    0x40  Code  Gb  Cornell_prm4.orm4 [2]
ti_sysbios_knl_Task_defaultStackHeap__C
                        0x0101ced0     0x4  Data  Gb  Cornell_prm4.orm4 [2]
ti_sysbios_knl_Task_defaultStackSize__C
                        0x0101ced4     0x4  Data  Gb  Cornell_prm4.orm4 [2]
ti_sysbios_knl_Task_disable__E
                        0x010013c1     0xc  Code  Gb  BIOS.o [16]
ti_sysbios_knl_Task_enable__E
                        0x010013d9    0x26  Code  Gb  BIOS.o [16]
ti_sysbios_knl_Task_enter__I
                        0x010012e5    0x18  Code  Gb  BIOS.o [16]
ti_sysbios_knl_Task_exit__E
                        0x0100153b    0x38  Code  Gb  BIOS.o [16]
ti_sysbios_knl_Task_numConstructedTasks__C
                        0x0101ced8     0x4  Data  Gb  Cornell_prm4.orm4 [2]
ti_sysbios_knl_Task_postInit__I
                        0x010016c1    0x8c  Code  Gb  BIOS.o [16]
ti_sysbios_knl_Task_processVitalTaskFlag__I
                        0x01001509    0x32  Code  Gb  BIOS.o [16]
ti_sysbios_knl_Task_restoreHwi__E
                        0x0100142b    0x20  Code  Gb  BIOS.o [16]
ti_sysbios_knl_Task_restore__E
                        0x010013ff    0x2c  Code  Gb  BIOS.o [16]
ti_sysbios_knl_Task_schedule__I
                        0x0100122d    0xb8  Code  Gb  BIOS.o [16]
ti_sysbios_knl_Task_sleepTimeout__I
                        0x01001573    0x1a  Code  Gb  BIOS.o [16]
ti_sysbios_knl_Task_sleep__E
                        0x0100158d    0x86  Code  Gb  BIOS.o [16]
ti_sysbios_knl_Task_startup__E
                        0x0100134d    0x60  Code  Gb  BIOS.o [16]
ti_sysbios_knl_Task_swapReturn
                        0x0100461d          Code  Gb  m3_TaskSupport_asm_iar.obj [16]
ti_sysbios_knl_Task_unblockI__E
                        0x01001855    0x2e  Code  Gb  BIOS.o [16]
timerArray              0x2000ae90    0x28  Data  Lc  TimerTask.o [1]
timerTaskStack          0x20009d30   0x200  Data  Gb  TimerTask.o [1]
token                   0x2000ad60    0x3c  Data  Lc  WifiHTTPClient.o [1]
token_char_map          0x200008bc     0x4  Data  Lc  picohttpparser.o [1]
tolower                 0x0101810d    0x14  Code  Gb  tolower.o [6]
transaction             0x2000af78    0x14  Data  Lc  SPI_Comm.o [1]
uDMAErrorStatusClear    0x01007f6f     0x8  Code  Gb  udma.obj [9]
uDMAErrorStatusGet      0x01007f69     0x6  Code  Gb  udma.obj [9]
uartCC3220SDmaHWAttrs   0x0101bf88    0x48  Data  Gb  CC3220SF_LAUNCHXL.o [1]
uartCC3220SDmaObjects   0x2000a65c    0xd8  Data  Gb  CC3220SF_LAUNCHXL.o [1]
udmaCC3220SHWAttrs      0x0101cc80     0xc  Data  Gb  CC3220SF_LAUNCHXL.o [1]
udmaCC3220SObject       0x2000afcc     0x8  Data  Gb  CC3220SF_LAUNCHXL.o [1]
vsnprintf               0x01018179    0x3c  Code  Gb  vsnprint.o [6]
wakeUpCause             0x2000b024     0x4  Data  Gb  main.o [1]
wifiComError            0x2000b0a4     0x1  Data  Lc  WifiHTTPClient.o [1]
wifiConfigObj           0x2000aae8    0x78  Data  Lc  WifiTask.o [1]
wifiInfoInit            0x010081ef    0x32  Code  Lc  WifiTask.o [1]
wifiInfoObj             0x2000a8d4    0x90  Data  Lc  WifiTask.o [1]
wifiLinkStatus          0x2000b09c     0x1  Data  Gb  platform.o [1]
wifiMailboxHandle       0x2000b060     0x4  Data  Gb  WifiTask.o [1]
writeCancel             0x0101ab49    0x48  Code  Lc  UARTCC32XXDMA.orm4 [10]
writeFinishedDoCallback
                        0x0101ab91    0x34  Code  Lc  UARTCC32XXDMA.orm4 [10]
writeSemCallback        0x0101ab41     0x8  Code  Lc  UARTCC32XXDMA.orm4 [10]
xdc_runtime_Assert_E_assertFailed__C
                        0x0101cedc     0x4  Data  Gb  Cornell_prm4.orm4 [2]
xdc_runtime_Assert_raise__I
                        0x01007ee1    0x3c  Code  Gb  Assert.orm4 [11]
xdc_runtime_Core_A_initializedParams__C
                        0x0101cee0     0x4  Data  Gb  Cornell_prm4.orm4 [2]
xdc_runtime_Core_Module__diagsEnabled__C
                        0x0101cee4     0x4  Data  Gb  Cornell_prm4.orm4 [2]
xdc_runtime_Core_Module__diagsIncluded__C
                        0x0101cee8     0x4  Data  Gb  Cornell_prm4.orm4 [2]
xdc_runtime_Core_Module__diagsMask__C
                        0x0101ceec     0x4  Data  Gb  Cornell_prm4.orm4 [2]
xdc_runtime_Core_Module__id__C
                        0x01007f82     0x2  Data  Gb  Cornell_prm4.orm4 [2]
xdc_runtime_Core_assignLabel__I
                        0x01005945    0x34  Code  Gb  Core-label.orm4 [11]
xdc_runtime_Core_assignParams__I
                        0x01005979    0x44  Code  Gb  Core-params.orm4 [11]
xdc_runtime_Core_constructObject__I
                        0x01005b15    0xb6  Code  Gb  Core-smem.orm4 [11]
xdc_runtime_Core_createObject__I
                        0x010059bd    0xde  Code  Gb  Core-mem.orm4 [11]
xdc_runtime_Core_deleteObject__I
                        0x01005ab1    0x64  Code  Gb  Core-mem.orm4 [11]
xdc_runtime_Error_E_memory__C
                        0x0101cef0     0x4  Data  Gb  Cornell_prm4.orm4 [2]
xdc_runtime_Error_IgnoreBlock
                        0x20000b18    0x20  Data  Gb  Cornell_prm4.orm4 [2]
xdc_runtime_Error_Module__diagsEnabled__C
                        0x0101cef4     0x4  Data  Gb  Cornell_prm4.orm4 [2]
xdc_runtime_Error_Module__diagsIncluded__C
                        0x0101cef8     0x4  Data  Gb  Cornell_prm4.orm4 [2]
xdc_runtime_Error_Module__diagsMask__C
                        0x0101cefc     0x4  Data  Gb  Cornell_prm4.orm4 [2]
xdc_runtime_Error_Module__loggerDefined__C
                        0x0100815e     0x2  Data  Gb  Cornell_prm4.orm4 [2]
xdc_runtime_Error_Module__loggerFxn8__C
                        0x0101cf00     0x4  Data  Gb  Cornell_prm4.orm4 [2]
xdc_runtime_Error_Module__loggerObj__C
                        0x0101cf04     0x4  Data  Gb  Cornell_prm4.orm4 [2]
xdc_runtime_Error_Module__state__V
                        0x200011f0     0x2  Data  Gb  Cornell_prm4.orm4 [2]
xdc_runtime_Error_check__E
                        0x0100432d    0x1a  Code  Gb  Error.orm4 [11]
xdc_runtime_Error_init__E
                        0x01004311    0x1c  Code  Gb  Error.orm4 [11]
xdc_runtime_Error_maxDepth__C
                        0x0100dcae     0x2  Data  Gb  Cornell_prm4.orm4 [2]
xdc_runtime_Error_policyDefault__E
                        0x010043a7    0xc0  Code  Gb  Error.orm4 [11]
xdc_runtime_Error_policyFxn__C
                        0x0101cf08     0x4  Data  Gb  Cornell_prm4.orm4 [2]
xdc_runtime_Error_policy__C
                        0x0101317e     0x1  Data  Gb  Cornell_prm4.orm4 [2]
xdc_runtime_Error_print__E
                        0x01004347    0x46  Code  Gb  Error.orm4 [11]
xdc_runtime_Error_raiseHook__C
                        0x0101cf0c     0x4  Data  Gb  Cornell_prm4.orm4 [2]
xdc_runtime_Error_raiseX__E
                        0x0100438d    0x1a  Code  Gb  Error.orm4 [11]
xdc_runtime_Error_setX__E
                        0x01004467    0x4c  Code  Gb  Error.orm4 [11]
xdc_runtime_Gate_enterSystem__E
                        0x01005be9     0x8  Code  Gb  Gate.orm4 [11]
xdc_runtime_Gate_leaveSystem__E
                        0x01005bf1     0xa  Code  Gb  Gate.orm4 [11]
xdc_runtime_IGateProvider_Interface__BASE__C
                        0x0101cf10     0x4  Data  Gb  Cornell_prm4.orm4 [2]
xdc_runtime_IHeap_Interface__BASE__C
                        0x0101cf14     0x4  Data  Gb  Cornell_prm4.orm4 [2]
xdc_runtime_IModule_Interface__BASE__C
                        0x0101cf18     0x4  Data  Gb  Cornell_prm4.orm4 [2]
xdc_runtime_Log_L_error__C
                        0x0101cf1c     0x4  Data  Gb  Cornell_prm4.orm4 [2]
xdc_runtime_Memory_HeapProxy_alloc__E
                        0x0100391b     0xe  Code  Gb  Cornell_prm4.orm4 [2]
xdc_runtime_Memory_HeapProxy_free__E
                        0x01003929     0xa  Code  Gb  Cornell_prm4.orm4 [2]
xdc_runtime_Memory_Module__id__C
                        0x0100fbc2     0x2  Data  Gb  Cornell_prm4.orm4 [2]
xdc_runtime_Memory_Module__state__V
                        0x200011c8     0x4  Data  Gb  Cornell_prm4.orm4 [2]
xdc_runtime_Memory_alloc__E
                        0x010040ed    0x60  Code  Gb  Memory.orm4 [11]
xdc_runtime_Memory_calloc__E
                        0x0100414d    0x1a  Code  Gb  Memory.orm4 [11]
xdc_runtime_Memory_defaultHeapInstance__C
                        0x0101cf20     0x4  Data  Gb  Cornell_prm4.orm4 [2]
xdc_runtime_Memory_free__E
                        0x0100416d     0xa  Code  Gb  Memory.orm4 [11]
xdc_runtime_Memory_getMaxDefaultTypeAlign__E
                        0x01004167     0x6  Code  Gb  Memory.orm4 [11]
xdc_runtime_Registry_Module__state__V
                        0x200011cc     0x8  Data  Gb  Cornell_prm4.orm4 [2]
xdc_runtime_Registry_findById__E
                        0x01005cdd    0x32  Code  Gb  Registry.orm4 [11]
xdc_runtime_Startup_Module__state__V
                        0x200011d4     0x8  Data  Gb  Cornell_prm4.orm4 [2]
xdc_runtime_Startup__EXECFXN__C {Abs}
                        0x00000001          Data  Gb  command line/config [3]
xdc_runtime_Startup__RESETFXN__C {Abs}
                        0x00000001          Data  Gb  command line/config [3]
xdc_runtime_Startup_execImpl__C
                        0x0101cf24     0x4  Data  Gb  Cornell_prm4.orm4 [2]
xdc_runtime_Startup_exec__E
                        0x01004d3d    0x46  Code  Gb  Startup.orm4 [11]
xdc_runtime_Startup_exec__I
                        0x010036dd    0x10  Code  Gb  Cornell_prm4.orm4 [2]
xdc_runtime_Startup_firstFxns__A
                        0x0101cb68    0x14  Data  Gb  Cornell_prm4.orm4 [2]
xdc_runtime_Startup_firstFxns__C
                        0x0101cd4c     0x8  Data  Gb  Cornell_prm4.orm4 [2]
xdc_runtime_Startup_lastFxns__C
                        0x0101cd54     0x8  Data  Gb  Cornell_prm4.orm4 [2]
xdc_runtime_Startup_maxPasses__C
                        0x0101cf28     0x4  Data  Gb  Cornell_prm4.orm4 [2]
xdc_runtime_Startup_reset__I
                        0x010036ed     0x2  Code  Gb  Cornell_prm4.orm4 [2]
xdc_runtime_Startup_rtsDone__E
                        0x01004d83     0x6  Code  Gb  Startup.orm4 [11]
xdc_runtime_Startup_sfxnRts__A
                        0x0101c9b8    0x18  Data  Gb  Cornell_prm4.orm4 [2]
xdc_runtime_Startup_sfxnRts__C
                        0x0101cf2c     0x4  Data  Gb  Cornell_prm4.orm4 [2]
xdc_runtime_Startup_sfxnTab__A
                        0x0101c388    0x2c  Data  Gb  Cornell_prm4.orm4 [2]
xdc_runtime_Startup_sfxnTab__C
                        0x0101cf30     0x4  Data  Gb  Cornell_prm4.orm4 [2]
xdc_runtime_Startup_startMods__I
                        0x01004d89    0xb4  Code  Gb  Startup.orm4 [11]
xdc_runtime_SysMin_Module_State_0_outbuf__A
                        0x2000a130   0x200  Data  Gb  Cornell_prm4.orm4 [2]
xdc_runtime_SysMin_Module__state__V
                        0x200011dc     0xc  Data  Gb  Cornell_prm4.orm4 [2]
xdc_runtime_SysMin_Module_startup__E
                        0x01005831    0x1a  Code  Gb  SysMin.orm4 [11]
xdc_runtime_SysMin_abort__E
                        0x0100584d    0x52  Code  Gb  SysMin.orm4 [11]
xdc_runtime_SysMin_bufSize__C
                        0x0101cf34     0x4  Data  Gb  Cornell_prm4.orm4 [2]
xdc_runtime_SysMin_exit__E
                        0x0100589f    0x16  Code  Gb  SysMin.orm4 [11]
xdc_runtime_SysMin_flushAtExit__C
                        0x01010c9a     0x2  Data  Gb  Cornell_prm4.orm4 [2]
xdc_runtime_SysMin_flush__E
                        0x010058fb    0x38  Code  Gb  SysMin.orm4 [11]
xdc_runtime_SysMin_outputFunc__C
                        0x0101cf38     0x4  Data  Gb  Cornell_prm4.orm4 [2]
xdc_runtime_SysMin_output__I
                        0x010037a9    0x26  Code  Gb  Cornell_prm4.orm4 [2]
xdc_runtime_SysMin_putch__E
                        0x010058b5    0x38  Code  Gb  SysMin.orm4 [11]
xdc_runtime_SysMin_ready__E
                        0x010058ed     0xe  Code  Gb  SysMin.orm4 [11]
xdc_runtime_System_Module_GateProxy_enter__E
                        0x01003933     0x4  Code  Gb  Cornell_prm4.orm4 [2]
xdc_runtime_System_Module_GateProxy_leave__E
                        0x01003937     0x4  Code  Gb  Cornell_prm4.orm4 [2]
xdc_runtime_System_Module_State_0_atexitHandlers__A
                        0x2000b010     0x8  Data  Gb  Cornell_prm4.orm4 [2]
xdc_runtime_System_Module__gateObj__C
                        0x0101cf3c     0x4  Data  Gb  Cornell_prm4.orm4 [2]
xdc_runtime_System_Module__state__V
                        0x200011e8     0x8  Data  Gb  Cornell_prm4.orm4 [2]
xdc_runtime_System_Module_startup__E
                        0x01005129     0x6  Code  Gb  System.orm4 [11]
xdc_runtime_System_SupportProxy_abort__E
                        0x0100393b     0x4  Code  Gb  Cornell_prm4.orm4 [2]
xdc_runtime_System_SupportProxy_exit__E
                        0x0100393f     0x4  Code  Gb  Cornell_prm4.orm4 [2]
xdc_runtime_System_SupportProxy_putch__E
                        0x01003943     0x4  Code  Gb  Cornell_prm4.orm4 [2]
xdc_runtime_System_SupportProxy_ready__E
                        0x01003947     0x4  Code  Gb  Cornell_prm4.orm4 [2]
xdc_runtime_System_abortFxn__C
                        0x0101cf40     0x4  Data  Gb  Cornell_prm4.orm4 [2]
xdc_runtime_System_abort__E
                        0x0100512f    0x1a  Code  Gb  System.orm4 [11]
xdc_runtime_System_aprintf__E
                        0x010038ad     0xe  Code  Gb  Cornell_prm4.orm4 [2]
xdc_runtime_System_aprintf_va__F
                        0x010051c1    0x2c  Code  Gb  System.orm4 [11]
xdc_runtime_System_atexit__E
                        0x01005149    0x32  Code  Gb  System.orm4 [11]
xdc_runtime_System_doPrint__I
                        0x0100522d   0x4fc  Code  Gb  System.orm4 [11]
xdc_runtime_System_exitFxn__C
                        0x0101cf44     0x4  Data  Gb  Cornell_prm4.orm4 [2]
xdc_runtime_System_exit__E
                        0x0100517b    0x16  Code  Gb  System.orm4 [11]
xdc_runtime_System_extendFxn__C
                        0x0101cf48     0x4  Data  Gb  Cornell_prm4.orm4 [2]
xdc_runtime_System_formatNum__I
                        0x01005741    0x70  Code  Gb  System.orm4 [11]
xdc_runtime_System_maxAtexitHandlers__C
                        0x0101cf4c     0x4  Data  Gb  Cornell_prm4.orm4 [2]
xdc_runtime_System_printfExtend__I
                        0x010036ef    0xba  Code  Gb  Cornell_prm4.orm4 [2]
xdc_runtime_System_printf__E
                        0x0100389f     0xe  Code  Gb  Cornell_prm4.orm4 [2]
xdc_runtime_System_printf_va__F
                        0x010051ed    0x2c  Code  Gb  System.orm4 [11]
xdc_runtime_System_processAtExit__E
                        0x01005191    0x30  Code  Gb  System.orm4 [11]
xdc_runtime_System_vsnprintf__E
                        0x01005219    0x12  Code  Gb  System.orm4 [11]
xdc_runtime_Text_charCnt__C
                        0x01012356     0x2  Data  Gb  Cornell_prm4.orm4 [2]
xdc_runtime_Text_charTab__A
                        0x010189fc  0x1968  Data  Gb  Cornell_prm4.orm4 [2]
xdc_runtime_Text_charTab__C
                        0x0101cf50     0x4  Data  Gb  Cornell_prm4.orm4 [2]
xdc_runtime_Text_cordText__E
                        0x01004e85    0x1e  Code  Gb  Text.orm4 [11]
xdc_runtime_Text_isLoaded__C
                        0x0101243a     0x2  Data  Gb  Cornell_prm4.orm4 [2]
xdc_runtime_Text_nameEmpty__C
                        0x0101cf54     0x4  Data  Gb  Cornell_prm4.orm4 [2]
xdc_runtime_Text_nameStatic__C
                        0x0101cf58     0x4  Data  Gb  Cornell_prm4.orm4 [2]
xdc_runtime_Text_nameUnknown__C
                        0x0101cf5c     0x4  Data  Gb  Cornell_prm4.orm4 [2]
xdc_runtime_Text_nodeTab__A
                        0x0101bc1c    0xc8  Data  Gb  Cornell_prm4.orm4 [2]
xdc_runtime_Text_nodeTab__C
                        0x0101cf60     0x4  Data  Gb  Cornell_prm4.orm4 [2]
xdc_runtime_Text_printVisFxn__I
                        0x01004ea3    0x26  Code  Gb  Text.orm4 [11]
xdc_runtime_Text_putLab__E
                        0x01004ec9    0x5a  Code  Gb  Text.orm4 [11]
xdc_runtime_Text_putMod__E
                        0x01004f23    0x72  Code  Gb  Text.orm4 [11]
xdc_runtime_Text_putSite__E
                        0x01004f95    0x86  Code  Gb  Text.orm4 [11]
xdc_runtime_Text_registryModsLastId__C
                        0x01012b9a     0x2  Data  Gb  Cornell_prm4.orm4 [2]
xdc_runtime_Text_ropeText__E
                        0x0100501b    0x10  Code  Gb  Text.orm4 [11]
xdc_runtime_Text_unnamedModsLastId__C
                        0x010130fe     0x2  Data  Gb  Cornell_prm4.orm4 [2]
xdc_runtime_Text_visitRope2__I
                        0x0100502d    0x64  Code  Gb  Text.orm4 [11]
xdc_runtime_Text_visitRopeFxn__C
                        0x0101cf64     0x4  Data  Gb  Cornell_prm4.orm4 [2]
xdc_runtime_Text_visitRope__I
                        0x010037cf     0xe  Code  Gb  Cornell_prm4.orm4 [2]
xdc_runtime_Text_xprintf__I
                        0x010050bd    0x30  Code  Gb  Text.orm4 [11]


[1] = D:\ISC\Cornell\Cornell_FW\Cornell_V1\Build19\Build19\src\Debug\Obj
[2] = D:\ISC\Cornell\Cornell_FW\Cornell_V1\Build19\Build19\src\configPkg\package\cfg
[3] = command line
[4] = boot.arm4
[5] = display.arm4
[6] = dl7M_tlf.a
[7] = dlpp7M_tl_fc.a
[8] = dpl_cc32xx.arm4
[9] = driverlib.a
[10] = drivers_cc32xx.arm4
[11] = iar.targets.arm.rts.arm4
[12] = m7M_tl.a
[13] = rt7M_tl.a
[14] = shb_l.a
[15] = simplelink.a
[16] = sysbios.arm4

  104 819 bytes of readonly  code memory
   13 694 bytes of readonly  data memory
   45 469 bytes of readwrite data memory

Errors: none
Warnings: 2
